Component: ARM Compiler 5.06 update 7 (build 960) Tool: armlink [4d3601]

==============================================================================

Section Cross References

    system_a31l12x.o(i.SystemCoreClockUpdate) refers to system_a31l12x.o(.data) for ClkSrcTbl
    a31l12x_it.o(i.LPUART_Handler) refers to main.o(i.LPUART_IRQHandler_IT) for LPUART_IRQHandler_IT
    a31l12x_portinit.o(i.Port_Init) refers to a31l12x_hal_scu.o(i.HAL_SCU_Peripheral_ClockConfig) for HAL_SCU_Peripheral_ClockConfig
    a31l12x_systemclock.o(i.SystemClock_Config) refers to a31l12x_hal_scu.o(i.HAL_SCU_ClockSource_Enable) for HAL_SCU_ClockSource_Enable
    a31l12x_systemclock.o(i.SystemClock_Config) refers to a31l12x_hal_scu.o(i.HAL_SCU_SystemClockChange) for HAL_SCU_SystemClockChange
    a31l12x_systemclock.o(i.SystemClock_Config) refers to a31l12x_hal_scu.o(i.HAL_SCU_SystemClockDivider) for HAL_SCU_SystemClockDivider
    a31l12x_systemclock.o(i.SystemClock_Config) refers to a31l12x_hal_scu.o(i.HAL_SCU_ClockSource_Disable) for HAL_SCU_ClockSource_Disable
    a31l12x_systemclock.o(i.SystemClock_Config) refers to a31l12x_hal_scu.o(i.HAL_SCU_ClockMonitoring) for HAL_SCU_ClockMonitoring
    a31l12x_systemclock.o(i.SystemClock_Config) refers to system_a31l12x.o(.data) for SystemCoreClock
    main.o(i.DEBUG_Init) refers to a31l12x_hal_debug_frmwrk.o(i.debug_frmwrk_init) for debug_frmwrk_init
    main.o(i.DEBUG_Init) refers to rt_memcpy.o(.emb_text) for __aeabi_memcpy4
    main.o(i.DEBUG_Init) refers to a31l12x_hal_debug_frmwrk.o(i.UARTPutChar) for UARTPutChar
    main.o(i.DEBUG_MenuPrint) refers to main.o(.constdata) for menu
    main.o(i.DEBUG_MenuPrint) refers to a31l12x_hal_debug_frmwrk.o(.data) for _db_msg
    main.o(i.IntReceive) refers to a31l12x_hal_lpuart.o(i.HAL_LPUART_Receive) for HAL_LPUART_Receive
    main.o(i.IntReceive) refers to main.o(.bss) for rb
    main.o(i.IntTransmit) refers to a31l12x_hal_lpuart.o(i.HAL_LPUART_ConfigInterrupt) for HAL_LPUART_ConfigInterrupt
    main.o(i.IntTransmit) refers to a31l12x_hal_lpuart.o(i.HAL_LPUART_Transmit) for HAL_LPUART_Transmit
    main.o(i.IntTransmit) refers to main.o(.bss) for rb
    main.o(i.IntTransmit) refers to main.o(.data) for TxIntStat
    main.o(i.LPUART_Configure) refers to a31l12x_hal_pcu.o(i.HAL_GPIO_ConfigOutput) for HAL_GPIO_ConfigOutput
    main.o(i.LPUART_Configure) refers to a31l12x_hal_pcu.o(i.HAL_GPIO_ConfigFunction) for HAL_GPIO_ConfigFunction
    main.o(i.LPUART_Configure) refers to a31l12x_hal_lpuart.o(i.HAL_LPUART_ConfigStructInit) for HAL_LPUART_ConfigStructInit
    main.o(i.LPUART_Configure) refers to a31l12x_hal_scu.o(i.HAL_SCU_Peripheral_ClockSelection) for HAL_SCU_Peripheral_ClockSelection
    main.o(i.LPUART_Configure) refers to a31l12x_hal_lpuart.o(i.HAL_LPUART_Init) for HAL_LPUART_Init
    main.o(i.LPUART_Configure) refers to a31l12x_hal_lpuart.o(i.HAL_LPUART_ConfigInterrupt) for HAL_LPUART_ConfigInterrupt
    main.o(i.LPUART_Configure) refers to a31l12x_hal_lpuart.o(i.HAL_LPUART_Enable) for HAL_LPUART_Enable
    main.o(i.LPUART_Configure) refers to main.o(i.__NVIC_SetPriority) for __NVIC_SetPriority
    main.o(i.LPUART_Configure) refers to a31l12x_hal_intc.o(i.HAL_INT_EInt_MaskDisable) for HAL_INT_EInt_MaskDisable
    main.o(i.LPUART_Configure) refers to a31l12x_hal_lpuart.o(i.HAL_LPUART_Transmit) for HAL_LPUART_Transmit
    main.o(i.LPUART_Configure) refers to main.o(.data) for TxIntStat
    main.o(i.LPUART_Configure) refers to main.o(.bss) for rb
    main.o(i.LPUART_Configure) refers to a31l12x_hal_debug_frmwrk.o(.data) for _db_msg
    main.o(i.LPUART_Configure) refers to system_a31l12x.o(.data) for SystemPeriClock
    main.o(i.LPUART_IRQHandler_IT) refers to a31l12x_hal_lpuart.o(i.HAL_LPUART_GetStatus) for HAL_LPUART_GetStatus
    main.o(i.LPUART_IRQHandler_IT) refers to main.o(i.IntReceive) for IntReceive
    main.o(i.LPUART_IRQHandler_IT) refers to a31l12x_hal_lpuart.o(i.HAL_LPUART_ClearStatus) for HAL_LPUART_ClearStatus
    main.o(i.LPUART_IRQHandler_IT) refers to main.o(i.IntTransmit) for IntTransmit
    main.o(i.LPUART_InterruptRun) refers to meter_protocol.o(i.Meter_Init) for Meter_Init
    main.o(i.LPUART_InterruptRun) refers to meter_protocol.o(i.Meter_SetResponseCallback) for Meter_SetResponseCallback
    main.o(i.LPUART_InterruptRun) refers to meter_protocol.o(i.Meter_SetErrorCallback) for Meter_SetErrorCallback
    main.o(i.LPUART_InterruptRun) refers to meter_protocol.o(i.Meter_Task) for Meter_Task
    main.o(i.LPUART_InterruptRun) refers to a31l12x_hal_uartn.o(i.HAL_UART_GetLineStatus) for HAL_UART_GetLineStatus
    main.o(i.LPUART_InterruptRun) refers to a31l12x_hal_uartn.o(i.HAL_UART_ReceiveByte) for HAL_UART_ReceiveByte
    main.o(i.LPUART_InterruptRun) refers to main.o(i.Test_Protocol_Parser) for Test_Protocol_Parser
    main.o(i.LPUART_InterruptRun) refers to meter_protocol.o(i.Meter_SendCommand) for Meter_SendCommand
[...]
    .text                                    0x00000670   Section        0  _printf_char_common.o(.text)
    _printf_input_char                       0x00000671   Thumb Code    10  _printf_char_common.o(.text)
    .text                                    0x000006a0   Section        0  _sputc.o(.text)
    .text                                    0x000006ac   Section        0  _printf_wctomb.o(.text)
    .text                                    0x00000768   Section        0  _printf_longlong_dec.o(.text)
    .text                                    0x000007d8   Section        0  _printf_oct_int_ll.o(.text)
    _printf_longlong_oct_internal            0x000007d9   Thumb Code     0  _printf_oct_int_ll.o(.text)
    .text                                    0x00000848   Section        0  _printf_hex_int_ll_ptr.o(.text)
    _printf_hex_common                       0x00000849   Thumb Code     0  _printf_hex_int_ll_ptr.o(.text)
    .text                                    0x000008e0   Section        0  __printf_flags_ss_wp.o(.text)
    .text                                    0x00000a68   Section        0  lludiv10.o(.text)
    .text                                    0x00000ae2   Section        0  _printf_intcommon.o(.text)
    .text                                    0x00000b94   Section        0  _printf_fp_dec.o(.text)
    _fp_digits                               0x00000b97   Thumb Code   412  _printf_fp_dec.o(.text)
    .text                                    0x00000fac   Section        0  _printf_fp_hex.o(.text)
    .text                                    0x00001284   Section        0  _printf_char.o(.text)
    .text                                    0x000012b2   Section        0  _printf_wchar.o(.text)
    .text                                    0x000012e0   Section        0  _wcrtomb.o(.text)
    .text                                    0x00001320   Section        0  rtudiv10.o(.text)
    .text                                    0x00001348   Section       62  sys_stackheap_outer.o(.text)
    .text                                    0x00001388   Section       16  rt_ctype_table.o(.text)
    .text                                    0x00001398   Section        8  rt_locale_intlibspace.o(.text)
    .text                                    0x000013a0   Section        0  _printf_fp_infnan.o(.text)
    .text                                    0x00001428   Section        0  bigflt0.o(.text)
    .text                                    0x00001500   Section        0  btod.o(.text)
    btod_internal_mul                        0x00001541   Thumb Code   492  btod.o(.text)
    btod_internal_div                        0x0000172d   Thumb Code   520  btod.o(.text)
    .text                                    0x00001a80   Section        0  exit.o(.text)
    .text                                    0x00001a90   Section        8  libspace.o(.text)
    .text                                    0x00001a98   Section        0  strcmp.o(.text)
    .text                                    0x00001b20   Section        0  sys_exit.o(.text)
    .text                                    0x00001b2c   Section        2  use_no_semi.o(.text)
    .text                                    0x00001b2e   Section        0  indicate_semi.o(.text)
    i.DEBUG_Init                             0x00001b30   Section        0  main.o(i.DEBUG_Init)
    i.DEBUG_MenuPrint                        0x00001b90   Section        0  main.o(i.DEBUG_MenuPrint)
    i.HAL_GPIO_ConfigFunction                0x00001bac   Section        0  a31l12x_hal_pcu.o(i.HAL_GPIO_ConfigFunction)
    i.HAL_GPIO_ConfigOutput                  0x00001bf0   Section        0  a31l12x_hal_pcu.o(i.HAL_GPIO_ConfigOutput)
    i.HAL_INT_EInt_MaskDisable               0x00001c38   Section        0  a31l12x_hal_intc.o(i.HAL_INT_EInt_MaskDisable)
    i.HAL_LPUART_ClearStatus                 0x00001c48   Section        0  a31l12x_hal_lpuart.o(i.HAL_LPUART_ClearStatus)
    i.HAL_LPUART_ConfigInterrupt             0x00001cb4   Section        0  a31l12x_hal_lpuart.o(i.HAL_LPUART_ConfigInterrupt)
    i.HAL_LPUART_ConfigStructInit            0x00001d04   Section        0  a31l12x_hal_lpuart.o(i.HAL_LPUART_ConfigStructInit)
    i.HAL_LPUART_Enable                      0x00001d30   Section        0  a31l12x_hal_lpuart.o(i.HAL_LPUART_Enable)
    i.HAL_LPUART_GetStatus                   0x00001d4c   Section        0  a31l12x_hal_lpuart.o(i.HAL_LPUART_GetStatus)
    i.HAL_LPUART_Init                        0x00001d58   Section        0  a31l12x_hal_lpuart.o(i.HAL_LPUART_Init)
    i.HAL_LPUART_Receive                     0x00001da8   Section        0  a31l12x_hal_lpuart.o(i.HAL_LPUART_Receive)
    i.HAL_LPUART_ReceiveByte                 0x00001e1c   Section        0  a31l12x_hal_lpuart.o(i.HAL_LPUART_ReceiveByte)
    i.HAL_LPUART_Transmit                    0x00001e28   Section        0  a31l12x_hal_lpuart.o(i.HAL_LPUART_Transmit)
    i.HAL_LPUART_TransmitByte                0x00001ea0   Section        0  a31l12x_hal_lpuart.o(i.HAL_LPUART_TransmitByte)
    i.HAL_SCU_ClockMonitoring                0x00001eb0   Section        0  a31l12x_hal_scu.o(i.HAL_SCU_ClockMonitoring)
    i.HAL_SCU_ClockSource_Disable            0x00001eec   Section        0  a31l12x_hal_scu.o(i.HAL_SCU_ClockSource_Disable)
    i.HAL_SCU_ClockSource_Enable             0x00001f0c   Section        0  a31l12x_hal_scu.o(i.HAL_SCU_ClockSource_Enable)
    i.HAL_SCU_Peripheral_ClockConfig         0x00001f30   Section        0  a31l12x_hal_scu.o(i.HAL_SCU_Peripheral_ClockConfig)
    i.HAL_SCU_Peripheral_ClockSelection      0x00001f3c   Section        0  a31l12x_hal_scu.o(i.HAL_SCU_Peripheral_ClockSelection)
    i.HAL_SCU_Peripheral_EnableClock2        0x00001f54   Section        0  a31l12x_hal_scu.o(i.HAL_SCU_Peripheral_EnableClock2)
    i.HAL_SCU_Peripheral_SetReset2           0x00001f74   Section        0  a31l12x_hal_scu.o(i.HAL_SCU_Peripheral_SetReset2)
    i.HAL_SCU_SystemClockChange              0x00001f90   Section        0  a31l12x_hal_scu.o(i.HAL_SCU_SystemClockChange)
    i.HAL_SCU_SystemClockDivider             0x00001fa4   Section        0  a31l12x_hal_scu.o(i.HAL_SCU_SystemClockDivider)
    i.HAL_UART_ConfigStructInit              0x00001fb0   Section        0  a31l12x_hal_uartn.o(i.HAL_UART_ConfigStructInit)
    i.HAL_UART_GetLineStatus                 0x00001fce   Section        0  a31l12x_hal_uartn.o(i.HAL_UART_GetLineStatus)
    i.HAL_UART_Init                          0x00001fd8   Section        0  a31l12x_hal_uartn.o(i.HAL_UART_Init)
    i.HAL_UART_Receive                       0x000020dc   Section        0  a31l12x_hal_uartn.o(i.HAL_UART_Receive)
    i.HAL_UART_ReceiveByte                   0x00002150   Section        0  a31l12x_hal_uartn.o(i.HAL_UART_ReceiveByte)
    i.HAL_UART_Transmit                      0x00002158   Section        0  a31l12x_hal_uartn.o(i.HAL_UART_Transmit)
    i.HAL_UART_TransmitByte                  0x000021d8   Section        0  a31l12x_hal_uartn.o(i.HAL_UART_TransmitByte)
    i.HardFault_Handler                      0x000021e8   Section        0  a31l12x_it.o(i.HardFault_Handler)
    i.IntReceive                             0x000021ec   Section        0  main.o(i.IntReceive)
    i.IntTransmit                            0x00002240   Section        0  main.o(i.IntTransmit)
    i.LPUART_Configure                       0x000022c4   Section        0  main.o(i.LPUART_Configure)
    i.LPUART_Handler                         0x000027ac   Section        0  a31l12x_it.o(i.LPUART_Handler)
    i.LPUART_IRQHandler_IT                   0x000027b4   Section        0  main.o(i.LPUART_IRQHandler_IT)
    i.LPUART_InterruptRun                    0x000027e4   Section        0  main.o(i.LPUART_InterruptRun)
    i.Meter_BCD_To_Uint32                    0x00002a04   Section        0  meter_protocol.o(i.Meter_BCD_To_Uint32)
    i.Meter_CalculateChecksum                0x00002a40   Section        0  meter_protocol.o(i.Meter_CalculateChecksum)
    i.Meter_DetectVersion                    0x00002a5a   Section        0  meter_protocol.o(i.Meter_DetectVersion)
    i.Meter_GetBatteryVoltage_x10            0x00002aea   Section        0  meter_protocol.o(i.Meter_GetBatteryVoltage_x10)
    i.Meter_GetDiameter                      0x00002afc   Section        0  meter_protocol.o(i.Meter_GetDiameter)
    i.Meter_GetTick                          0x00002b28   Section        0  meter_protocol.o(i.Meter_GetTick)
    Meter_GetTick                            0x00002b29   Thumb Code     6  meter_protocol.o(i.Meter_GetTick)
    i.Meter_Init                             0x00002b34   Section        0  meter_protocol.o(i.Meter_Init)
    i.Meter_ParseCommon                      0x00002b50   Section        0  meter_protocol_parser.o(i.Meter_ParseCommon)
    Meter_ParseCommon                        0x00002b51   Thumb Code    88  meter_protocol_parser.o(i.Meter_ParseCommon)
    i.Meter_ParseFrame                       0x00002ba8   Section        0  meter_protocol_parser.o(i.Meter_ParseFrame)
    i.Meter_ParseUDF                         0x00002cb8   Section        0  meter_protocol_parser.o(i.Meter_ParseUDF)
    Meter_ParseUDF                           0x00002cb9   Thumb Code    50  meter_protocol_parser.o(i.Meter_ParseUDF)
    i.Meter_ParseV11_Status                  0x00002cea   Section        0  meter_protocol_parser.o(i.Meter_ParseV11_Status)
    Meter_ParseV11_Status                    0x00002ceb   Thumb Code    46  meter_protocol_parser.o(i.Meter_ParseV11_Status)
    i.Meter_ParseV12_Status                  0x00002d18   Section        0  meter_protocol_parser.o(i.Meter_ParseV12_Status)
    Meter_ParseV12_Status                    0x00002d19   Thumb Code    38  meter_protocol_parser.o(i.Meter_ParseV12_Status)
    i.Meter_ParseV13_Status                  0x00002d3e   Section        0  meter_protocol_parser.o(i.Meter_ParseV13_Status)
    Meter_ParseV13_Status                    0x00002d3f   Thumb Code    36  meter_protocol_parser.o(i.Meter_ParseV13_Status)
    i.Meter_ParseV14_Status                  0x00002d62   Section        0  meter_protocol_parser.o(i.Meter_ParseV14_Status)
    Meter_ParseV14_Status                    0x00002d63   Thumb Code    54  meter_protocol_parser.o(i.Meter_ParseV14_Status)
    i.Meter_PrintParsedData                  0x00002d98   Section        0  meter_protocol.o(i.Meter_PrintParsedData)
    i.Meter_ProcessReceive                   0x00003694   Section        0  meter_protocol.o(i.Meter_ProcessReceive)
    i.Meter_SendCommand                      0x00003770   Section        0  meter_protocol.o(i.Meter_SendCommand)
    i.Meter_SendPreamble                     0x000038ac   Section        0  meter_protocol.o(i.Meter_SendPreamble)
    i.Meter_SetErrorCallback                 0x000038cc   Section        0  meter_protocol.o(i.Meter_SetErrorCallback)
    i.Meter_SetResponseCallback              0x000038d8   Section        0  meter_protocol.o(i.Meter_SetResponseCallback)
    i.Meter_Task                             0x000038e4   Section        0  meter_protocol.o(i.Meter_Task)
    i.NMI_Handler                            0x000039dc   Section        0  a31l12x_it.o(i.NMI_Handler)
    i.OnMeterError                           0x000039e0   Section        0  main.o(i.OnMeterError)
    i.OnMeterResponseReceived                0x00003ac4   Section        0  main.o(i.OnMeterResponseReceived)
    i.PendSV_Handler                         0x00003c64   Section        0  a31l12x_it.o(i.PendSV_Handler)
    i.Port_Init                              0x00003c68   Section        0  a31l12x_portinit.o(i.Port_Init)
    i.SVC_Handler                            0x00003d10   Section        0  a31l12x_it.o(i.SVC_Handler)
    i.SysTick_Handler                        0x00003d12   Section        0  a31l12x_it.o(i.SysTick_Handler)
    i.SystemClock_Config                     0x00003d14   Section        0  a31l12x_systemclock.o(i.SystemClock_Config)
    i.SystemInit                             0x00003d60   Section        0  system_a31l12x.o(i.SystemInit)
    i.Test_Protocol_Parser                   0x00003d84   Section        0  main.o(i.Test_Protocol_Parser)
    i.UARTGetCh                              0x00004144   Section        0  a31l12x_hal_debug_frmwrk.o(i.UARTGetCh)
    i.UARTGetChar                            0x00004164   Section        0  a31l12x_hal_debug_frmwrk.o(i.UARTGetChar)
    i.UARTPutChar                            0x0000417e   Section        0  a31l12x_hal_debug_frmwrk.o(i.UARTPutChar)
    i.UARTPutDec                             0x00004190   Section        0  a31l12x_hal_debug_frmwrk.o(i.UARTPutDec)
    i.UARTPutDec16                           0x000041ec   Section        0  a31l12x_hal_debug_frmwrk.o(i.UARTPutDec16)
    i.UARTPutDec32                           0x00004294   Section        0  a31l12x_hal_debug_frmwrk.o(i.UARTPutDec32)
    i.UARTPutHex                             0x000043dc   Section        0  a31l12x_hal_debug_frmwrk.o(i.UARTPutHex)
    i.UARTPutHex16                           0x00004412   Section        0  a31l12x_hal_debug_frmwrk.o(i.UARTPutHex16)
    i.UARTPutHex32                           0x00004448   Section        0  a31l12x_hal_debug_frmwrk.o(i.UARTPutHex32)
    i.UARTPuts                               0x0000447e   Section        0  a31l12x_hal_debug_frmwrk.o(i.UARTPuts)
    i.UARTPuts_                              0x0000449c   Section        0  a31l12x_hal_debug_frmwrk.o(i.UARTPuts_)
    i.__ARM_common_ll_muluu                  0x000044b8   Section        0  btod.o(i.__ARM_common_ll_muluu)
    i.__ARM_common_switch8                   0x000044e8   Section        0  main.o(i.__ARM_common_switch8)
    i.__ARM_fpclassify                       0x00004504   Section        0  fpclassify.o(i.__ARM_fpclassify)
    i.__NVIC_SetPriority                     0x00004530   Section        0  main.o(i.__NVIC_SetPriority)
    __NVIC_SetPriority                       0x00004531   Thumb Code   110  main.o(i.__NVIC_SetPriority)
    i._is_digit                              0x000045a8   Section        0  __printf_wp.o(i._is_digit)
    i.cprintf                                0x000045b8   Section        0  a31l12x_hal_debug_frmwrk.o(i.cprintf)
    i.debug_frmwrk_init                      0x000045f0   Section        0  a31l12x_hal_debug_frmwrk.o(i.debug_frmwrk_init)
    i.lpuart_set_divisors                    0x000046d4   Section        0  a31l12x_hal_lpuart.o(i.lpuart_set_divisors)
    lpuart_set_divisors                      0x000046d5   Thumb Code    68  a31l12x_hal_lpuart.o(i.lpuart_set_divisors)
    i.main                                   0x0000471c   Section        0  main.o(i.main)
    i.mainloop                               0x0000476c   Section        0  main.o(i.mainloop)
    i.rbReceive                              0x00004794   Section        0  main.o(i.rbReceive)
    i.uart_set_divisors                      0x000047f0   Section        0  a31l12x_hal_uartn.o(i.uart_set_divisors)
    uart_set_divisors                        0x000047f1   Thumb Code    60  a31l12x_hal_uartn.o(i.uart_set_divisors)
    locale$$code                             0x00004830   Section       44  lc_numeric_c.o(locale$$code)
    locale$$code                             0x0000485c   Section       44  lc_ctype_c.o(locale$$code)
    x$fpl$printf1                            0x00004888   Section       16  printf1.o(x$fpl$printf1)
    x$fpl$printf2                            0x00004898   Section       16  printf2.o(x$fpl$printf2)
    .constdata                               0x000048a8   Section      533  main.o(.constdata)
    x$fpl$usenofp                            0x000048a8   Section        0  usenofp.o(x$fpl$usenofp)
    .constdata                               0x00004ac0   Section       26  meter_protocol.o(.constdata)
    .constdata                               0x00004adc   Section        8  _printf_wctomb.o(.constdata)
    initial_mbstate                          0x00004adc   Data           8  _printf_wctomb.o(.constdata)
    .constdata                               0x00004ae4   Section       40  _printf_hex_int_ll_ptr.o(.constdata)
    uc_hextab                                0x00004ae4   Data          20  _printf_hex_int_ll_ptr.o(.constdata)
    lc_hextab                                0x00004af8   Data          20  _printf_hex_int_ll_ptr.o(.constdata)
    .constdata                               0x00004b0c   Section       17  __printf_flags_ss_wp.o(.constdata)
    maptable                                 0x00004b0c   Data          17  __printf_flags_ss_wp.o(.constdata)
    .constdata                               0x00004b1d   Section       38  _printf_fp_hex.o(.constdata)
    lc_hextab                                0x00004b1d   Data          19  _printf_fp_hex.o(.constdata)
    uc_hextab                                0x00004b30   Data          19  _printf_fp_hex.o(.constdata)
    .constdata                               0x00004b44   Section      148  bigflt0.o(.constdata)
    tenpwrs_x                                0x00004b44   Data          60  bigflt0.o(.constdata)
    tenpwrs_i                                0x00004b80   Data          64  bigflt0.o(.constdata)
    locale$$data                             0x00004bf8   Section       28  lc_numeric_c.o(locale$$data)
    __lcnum_c_name                           0x00004bfc   Data           2  lc_numeric_c.o(locale$$data)
    __lcnum_c_start                          0x00004c04   Data           0  lc_numeric_c.o(locale$$data)
    __lcnum_c_point                          0x00004c10   Data           0  lc_numeric_c.o(locale$$data)
    __lcnum_c_thousands                      0x00004c12   Data           0  lc_numeric_c.o(locale$$data)
    __lcnum_c_grouping                       0x00004c13   Data           0  lc_numeric_c.o(locale$$data)
    locale$$data                             0x00004c14   Section      272  lc_ctype_c.o(locale$$data)
    __lcnum_c_end                            0x00004c14   Data           0  lc_numeric_c.o(locale$$data)
    __lcctype_c_name                         0x00004c18   Data           2  lc_ctype_c.o(locale$$data)
    __lcctype_c_start                        0x00004c20   Data           0  lc_ctype_c.o(locale$$data)
    __lcctype_c_end                          0x00004d24   Data           0  lc_ctype_c.o(locale$$data)
    .ARM.__AT_0x1FFFF200                     0x1ffff200   Section       68  option_a31l12x.o(.ARM.__AT_0x1FFFF200)
    .ARM.__AT_0x1FFFF400                     0x1ffff400   Section      128  option_a31l12x.o(.ARM.__AT_0x1FFFF400)
    .ARM.__AT_0x1FFFF600                     0x1ffff600   Section      128  option_a31l12x.o(.ARM.__AT_0x1FFFF600)
    .data                                    0x20000000   Section       28  system_a31l12x.o(.data)
    .data                                    0x2000001c   Section        8  main.o(.data)
    g_meter_rx_length                        0x2000001e   Data           2  main.o(.data)
    tick_counter                             0x20000020   Data           4  main.o(.data)
    .data                                    0x20000024   Section        8  meter_protocol.o(.data)
    g_rx_state                               0x20000024   Data           1  meter_protocol.o(.data)
    g_systick_ms                             0x20000028   Data           4  meter_protocol.o(.data)
    .data                                    0x2000002c   Section       12  a31l12x_hal_uartn.o(.data)
    UARTn_BaseClock                          0x2000002c   Data           4  a31l12x_hal_uartn.o(.data)
    .data                                    0x20000038   Section       44  a31l12x_hal_debug_frmwrk.o(.data)
    .bss                                     0x20000064   Section      336  main.o(.bss)
    g_meter_rx_data                          0x200000b4   Data         256  main.o(.bss)
    .bss                                     0x200001b4   Section      540  meter_protocol.o(.bss)
    g_meter_ctx                              0x200001b4   Data         540  meter_protocol.o(.bss)
    .bss                                     0x200003d0   Section       96  libspace.o(.bss)
    HEAP                                     0x20000430   Section      256  startup_a31l12x.o(HEAP)
    Heap_Mem                                 0x20000430   Data         256  startup_a31l12x.o(HEAP)
    STACK                                    0x20000530   Section      512  startup_a31l12x.o(STACK)
    Stack_Mem                                0x20000530   Data         512  startup_a31l12x.o(STACK)
    __initial_sp                             0x20000730   Data           0  startup_a31l12x.o(STACK)

    Global Symbols

    Symbol Name                              Value     Ov Type        Size  Object(Section)

    BuildAttributes$$THM_ISAv3M$S$PE$A:L22$X:L11$S22$IEEE1$IW$USESV6$~STKCKD$USESV7$~SHL$OTIME$ROPI$IEEEJ$EBA8$UX$STANDARDLIB$REQ8$PRES8$EABIv2 0x00000000   Number         0  anon$$obj.o ABSOLUTE
    __ARM_use_no_argv                        0x00000000   Number         0  main.o ABSOLUTE
    __Vectors                                0x00000000   Data           4  startup_a31l12x.o(RESET)
    _printf_flags                            0x00000000   Number         0  printf_stubs.o ABSOLUTE
    _printf_return_value                     0x00000000   Number         0  printf_stubs.o ABSOLUTE
    _printf_sizespec                         0x00000000   Number         0  printf_stubs.o ABSOLUTE
    _printf_widthprec                        0x00000000   Number         0  printf_stubs.o ABSOLUTE
    __ARM_exceptions_init                     - Undefined Weak Reference
    __alloca_initialize                       - Undefined Weak Reference
    __arm_fini_                               - Undefined Weak Reference
    __arm_preinit_                            - Undefined Weak Reference
    __cpp_initialize__aeabi_                  - Undefined Weak Reference
    __cxa_finalize                            - Undefined Weak Reference
    __sigvec_lookup                           - Undefined Weak Reference
    _atexit_init                              - Undefined Weak Reference
    _call_atexit_fns                          - Undefined Weak Reference
    _clock_init                               - Undefined Weak Reference
    _fp_trap_init                             - Undefined Weak Reference
    _fp_trap_shutdown                         - Undefined Weak Reference
    _get_lc_collate                           - Undefined Weak Reference
    _get_lc_monetary                          - Undefined Weak Reference
    _get_lc_time                              - Undefined Weak Reference
    _getenv_init                              - Undefined Weak Reference
    _handle_redirection                       - Undefined Weak Reference
    _init_alloc                               - Undefined Weak Reference
    _init_user_alloc                          - Undefined Weak Reference
    _initio                                   - Undefined Weak Reference
    _printf_mbtowc                            - Undefined Weak Reference
    _printf_wc                                - Undefined Weak Reference
    _rand_init                                - Undefined Weak Reference
    _signal_finish                            - Undefined Weak Reference
    _signal_init                              - Undefined Weak Reference
    _terminate_alloc                          - Undefined Weak Reference
    _terminate_user_alloc                     - Undefined Weak Reference
    _terminateio                              - Undefined Weak Reference
    __Vectors_End                            0x000000c0   Data           0  startup_a31l12x.o(RESET)
    __Vectors_Size                           0x000000c0   Number         0  startup_a31l12x.o ABSOLUTE
    __main                                   0x000000c1   Thumb Code     8  __main.o(!!!main)
    __scatterload                            0x000000c9   Thumb Code     0  __scatter.o(!!!scatter)
    __scatterload_rt2                        0x000000c9   Thumb Code    52  __scatter.o(!!!scatter)
    __scatterload_rt2_thumb_only             0x000000c9   Thumb Code     0  __scatter.o(!!!scatter)
    __scatterload_null                       0x000000d9   Thumb Code     0  __scatter.o(!!!scatter)
    __scatterload_copy                       0x00000105   Thumb Code    26  __scatter_copy.o(!!handler_copy)
    __scatterload_zeroinit                   0x00000121   Thumb Code    28  __scatter_zi.o(!!handler_zi)
    _printf_percent                          0x0000013d   Thumb Code     0  _printf_percent.o(.ARM.Collect$$_printf_percent$$00000000)
    _printf_n                                0x0000013f   Thumb Code     0  _printf_n.o(.ARM.Collect$$_printf_percent$$00000001)
    _printf_p                                0x00000149   Thumb Code     0  _printf_p.o(.ARM.Collect$$_printf_percent$$00000002)
    _printf_f                                0x00000153   Thumb Code     0  _printf_f.o(.ARM.Collect$$_printf_percent$$00000003)
    _printf_e                                0x0000015d   Thumb Code     0  _printf_e.o(.ARM.Collect$$_printf_percent$$00000004)
    _printf_g                                0x00000167   Thumb Code     0  _printf_g.o(.ARM.Collect$$_printf_percent$$00000005)
    _printf_a                                0x00000171   Thumb Code     0  _printf_a.o(.ARM.Collect$$_printf_percent$$00000006)
    _printf_ll                               0x0000017b   Thumb Code     0  _printf_ll.o(.ARM.Collect$$_printf_percent$$00000007)
    _printf_i                                0x00000185   Thumb Code     0  _printf_i.o(.ARM.Collect$$_printf_percent$$00000008)
    _printf_d                                0x0000018f   Thumb Code     0  _printf_d.o(.ARM.Collect$$_printf_percent$$00000009)
    _printf_u                                0x00000199   Thumb Code     0  _printf_u.o(.ARM.Collect$$_printf_percent$$0000000A)
    _printf_o                                0x000001a3   Thumb Code     0  _printf_o.o(.ARM.Collect$$_printf_percent$$0000000B)
    _printf_x                                0x000001ad   Thumb Code     0  _printf_x.o(.ARM.Collect$$_printf_percent$$0000000C)
    _printf_lli                              0x000001b7   Thumb Code     0  _printf_lli.o(.ARM.Collect$$_printf_percent$$0000000D)
    _printf_lld                              0x000001c1   Thumb Code     0  _printf_lld.o(.ARM.Collect$$_printf_percent$$0000000E)
    _printf_llu                              0x000001cb   Thumb Code     0  _printf_llu.o(.ARM.Collect$$_printf_percent$$0000000F)
    _printf_llo                              0x000001d5   Thumb Code     0  _printf_llo.o(.ARM.Collect$$_printf_percent$$00000010)
    _printf_llx                              0x000001df   Thumb Code     0  _printf_llx.o(.ARM.Collect$$_printf_percent$$00000011)
    _printf_l                                0x000001e9   Thumb Code     0  _printf_l.o(.ARM.Collect$$_printf_percent$$00000012)
    _printf_c                                0x000001f3   Thumb Code     0  _printf_c.o(.ARM.Collect$$_printf_percent$$00000013)
    _printf_s                                0x000001fd   Thumb Code     0  _printf_s.o(.ARM.Collect$$_printf_percent$$00000014)
    _printf_lc                               0x00000207   Thumb Code     0  _printf_lc.o(.ARM.Collect$$_printf_percent$$00000015)
    _printf_ls                               0x00000211   Thumb Code     0  _printf_ls.o(.ARM.Collect$$_printf_percent$$00000016)
    _printf_percent_end                      0x0000021b   Thumb Code     0  _printf_percent_end.o(.ARM.Collect$$_printf_percent$$00000017)
    __rt_lib_init                            0x0000021f   Thumb Code     0  libinit.o(.ARM.Collect$$libinit$$00000000)
    __rt_lib_init_fp_1                       0x00000221   Thumb Code     0  libinit2.o(.ARM.Collect$$libinit$$00000002)
    __rt_lib_init_heap_1                     0x00000221   Thumb Code     0  libinit2.o(.ARM.Collect$$libinit$$0000000A)
    __rt_lib_init_lc_common                  0x00000221   Thumb Code     0  libinit2.o(.ARM.Collect$$libinit$$0000000F)
    __rt_lib_init_preinit_1                  0x00000221   Thumb Code     0  libinit2.o(.ARM.Collect$$libinit$$00000004)
    __rt_lib_init_rand_1                     0x00000221   Thumb Code     0  libinit2.o(.ARM.Collect$$libinit$$0000000E)
    __rt_lib_init_user_alloc_1               0x00000221   Thumb Code     0  libinit2.o(.ARM.Collect$$libinit$$0000000C)
    __rt_lib_init_lc_collate_1               0x00000227   Thumb Code     0  libinit2.o(.ARM.Collect$$libinit$$00000011)
    __rt_lib_init_lc_ctype_2                 0x00000227   Thumb Code     0  libinit2.o(.ARM.Collect$$libinit$$00000012)
    __rt_lib_init_lc_ctype_1                 0x00000233   Thumb Code     0  libinit2.o(.ARM.Collect$$libinit$$00000013)
    __rt_lib_init_lc_monetary_1              0x00000233   Thumb Code     0  libinit2.o(.ARM.Collect$$libinit$$00000015)
    __rt_lib_init_lc_numeric_2               0x00000233   Thumb Code     0  libinit2.o(.ARM.Collect$$libinit$$00000016)
    __rt_lib_init_alloca_1                   0x0000023d   Thumb Code     0  libinit2.o(.ARM.Collect$$libinit$$0000002E)
    __rt_lib_init_argv_1                     0x0000023d   Thumb Code     0  libinit2.o(.ARM.Collect$$libinit$$0000002C)
    __rt_lib_init_atexit_1                   0x0000023d   Thumb Code     0  libinit2.o(.ARM.Collect$$libinit$$0000001B)
    __rt_lib_init_clock_1                    0x0000023d   Thumb Code     0  libinit2.o(.ARM.Collect$$libinit$$00000021)
    __rt_lib_init_cpp_1                      0x0000023d   Thumb Code     0  libinit2.o(.ARM.Collect$$libinit$$00000032)
    __rt_lib_init_exceptions_1               0x0000023d   Thumb Code     0  libinit2.o(.ARM.Collect$$libinit$$00000030)
    __rt_lib_init_fp_trap_1                  0x0000023d   Thumb Code     0  libinit2.o(.ARM.Collect$$libinit$$0000001F)
    __rt_lib_init_getenv_1                   0x0000023d   Thumb Code     0  libinit2.o(.ARM.Collect$$libinit$$00000023)
    __rt_lib_init_lc_numeric_1               0x0000023d   Thumb Code     0  libinit2.o(.ARM.Collect$$libinit$$00000017)
    __rt_lib_init_lc_time_1                  0x0000023d   Thumb Code     0  libinit2.o(.ARM.Collect$$libinit$$00000019)
    __rt_lib_init_return                     0x0000023d   Thumb Code     0  libinit2.o(.ARM.Collect$$libinit$$00000033)
    __rt_lib_init_signal_1                   0x0000023d   Thumb Code     0  libinit2.o(.ARM.Collect$$libinit$$0000001D)
    __rt_lib_init_stdio_1                    0x0000023d   Thumb Code     0  libinit2.o(.ARM.Collect$$libinit$$00000025)
    __rt_lib_shutdown                        0x0000023f   Thumb Code     0  libshutdown.o(.ARM.Collect$$libshutdown$$00000000)
    __rt_lib_shutdown_cpp_1                  0x00000241   Thumb Code     0  libshutdown2.o(.ARM.Collect$$libshutdown$$00000004)
    __rt_lib_shutdown_fini_1                 0x00000241   Thumb Code     0  libshutdown2.o(.ARM.Collect$$libshutdown$$00000002)
    __rt_lib_shutdown_fp_trap_1              0x00000241   Thumb Code     0  libshutdown2.o(.ARM.Collect$$libshutdown$$00000009)
    __rt_lib_shutdown_heap_1                 0x00000241   Thumb Code     0  libshutdown2.o(.ARM.Collect$$libshutdown$$00000011)
    __rt_lib_shutdown_return                 0x00000241   Thumb Code     0  libshutdown2.o(.ARM.Collect$$libshutdown$$00000012)
    __rt_lib_shutdown_signal_1               0x00000241   Thumb Code     0  libshutdown2.o(.ARM.Collect$$libshutdown$$0000000C)
    __rt_lib_shutdown_stdio_1                0x00000241   Thumb Code     0  libshutdown2.o(.ARM.Collect$$libshutdown$$00000006)
    __rt_lib_shutdown_user_alloc_1           0x00000241   Thumb Code     0  libshutdown2.o(.ARM.Collect$$libshutdown$$0000000E)
    __rt_entry                               0x00000243   Thumb Code     0  __rtentry.o(.ARM.Collect$$rtentry$$00000000)
    __rt_entry_presh_1                       0x00000243   Thumb Code     0  __rtentry2.o(.ARM.Collect$$rtentry$$00000002)
    __rt_entry_sh                            0x00000243   Thumb Code     0  __rtentry4.o(.ARM.Collect$$rtentry$$00000004)
    __rt_entry_li                            0x00000249   Thumb Code     0  __rtentry2.o(.ARM.Collect$$rtentry$$0000000A)
    __rt_entry_postsh_1                      0x00000249   Thumb Code     0  __rtentry2.o(.ARM.Collect$$rtentry$$00000009)
    __rt_entry_main                          0x0000024d   Thumb Code     0  __rtentry2.o(.ARM.Collect$$rtentry$$0000000D)
    __rt_entry_postli_1                      0x0000024d   Thumb Code     0  __rtentry2.o(.ARM.Collect$$rtentry$$0000000C)
    __rt_exit                                0x00000255   Thumb Code     0  rtexit.o(.ARM.Collect$$rtexit$$00000000)
    __rt_exit_ls                             0x00000257   Thumb Code     0  rtexit2.o(.ARM.Collect$$rtexit$$00000003)
    __rt_exit_prels_1                        0x00000257   Thumb Code     0  rtexit2.o(.ARM.Collect$$rtexit$$00000002)
    __rt_exit_exit                           0x0000025b   Thumb Code     0  rtexit2.o(.ARM.Collect$$rtexit$$00000004)
    __aeabi_memcpy4                          0x00000261   Thumb Code    56  rt_memcpy.o(.emb_text)
    __aeabi_memcpy8                          0x00000261   Thumb Code     0  rt_memcpy.o(.emb_text)
    Reset_Handler                            0x00000299   Thumb Code     8  startup_a31l12x.o(.text)
    ADC_Handler                              0x000002ab   Thumb Code     0  startup_a31l12x.o(.text)
    CMPn_Handler                             0x000002ab   Thumb Code     0  startup_a31l12x.o(.text)
    DMAC0_Handler                            0x000002ab   Thumb Code     0  startup_a31l12x.o(.text)
    DMAC1_Handler                            0x000002ab   Thumb Code     0  startup_a31l12x.o(.text)
    DMAC2_Handler                            0x000002ab   Thumb Code     0  startup_a31l12x.o(.text)
    DMAC3_Handler                            0x000002ab   Thumb Code     0  startup_a31l12x.o(.text)
    DMAC4_Handler                            0x000002ab   Thumb Code     0  startup_a31l12x.o(.text)
    EINT0_Handler                            0x000002ab   Thumb Code     0  startup_a31l12x.o(.text)
    EINT1_Handler                            0x000002ab   Thumb Code     0  startup_a31l12x.o(.text)
    EINT2_Handler                            0x000002ab   Thumb Code     0  startup_a31l12x.o(.text)
    EINT3_Handler                            0x000002ab   Thumb Code     0  startup_a31l12x.o(.text)
    I2C0_Handler                             0x000002ab   Thumb Code     0  startup_a31l12x.o(.text)
    I2C1_Handler                             0x000002ab   Thumb Code     0  startup_a31l12x.o(.text)
    LVI_Handler                              0x000002ab   Thumb Code     0  startup_a31l12x.o(.text)
    RTCC_Handler                             0x000002ab   Thumb Code     0  startup_a31l12x.o(.text)
    SC0_Handler                              0x000002ab   Thumb Code     0  startup_a31l12x.o(.text)
    SC1_Handler                              0x000002ab   Thumb Code     0  startup_a31l12x.o(.text)
    SPI0_Handler                             0x000002ab   Thumb Code     0  startup_a31l12x.o(.text)
    SPI1_Handler                             0x000002ab   Thumb Code     0  startup_a31l12x.o(.text)
    TIMER40_Handler                          0x000002ab   Thumb Code     0  startup_a31l12x.o(.text)
    TIMER41_Handler                          0x000002ab   Thumb Code     0  startup_a31l12x.o(.text)
    TIMER42_Handler                          0x000002ab   Thumb Code     0  startup_a31l12x.o(.text)
    TIMER43_Handler                          0x000002ab   Thumb Code     0  startup_a31l12x.o(.text)
    TIMER50_Handler                          0x000002ab   Thumb Code     0  startup_a31l12x.o(.text)
    UART0_Handler                            0x000002ab   Thumb Code     0  startup_a31l12x.o(.text)
    UART1_Handler                            0x000002ab   Thumb Code     0  startup_a31l12x.o(.text)
    USART10_Handler                          0x000002ab   Thumb Code     0  startup_a31l12x.o(.text)
    WDT_Handler                              0x000002ab   Thumb Code     0  startup_a31l12x.o(.text)
    WUT_Handler                              0x000002ab   Thumb Code     0  startup_a31l12x.o(.text)
    __user_initial_stackheap                 0x000002ad   Thumb Code    10  startup_a31l12x.o(.text)
    vsprintf                                 0x000002d1   Thumb Code    32  vsprintf.o(.text)
    __aeabi_memcpy                           0x000002f5   Thumb Code   130  rt_memcpy.o(.text)
    __rt_memcpy                              0x000002f5   Thumb Code     0  rt_memcpy.o(.text)
    _memset_w                                0x00000377   Thumb Code    26  rt_memclr.o(.text)
    _memset                                  0x00000391   Thumb Code    30  rt_memclr.o(.text)
    __aeabi_memclr                           0x000003af   Thumb Code     4  rt_memclr.o(.text)
    __rt_memclr                              0x000003af   Thumb Code     0  rt_memclr.o(.text)
    __aeabi_memclr4                          0x000003b3   Thumb Code     0  rt_memclr.o(.text)
    __aeabi_memclr8                          0x000003b3   Thumb Code     0  rt_memclr.o(.text)
    __rt_memclr_w                            0x000003b3   Thumb Code     4  rt_memclr.o(.text)
    __aeabi_uidiv                            0x000003b7   Thumb Code     0  aeabi_sdiv.o(.text)
    __aeabi_uidivmod                         0x000003b7   Thumb Code    20  aeabi_sdiv.o(.text)
    __aeabi_idiv                             0x000003cb   Thumb Code     0  aeabi_sdiv.o(.text)
    __aeabi_idivmod                          0x000003cb   Thumb Code   326  aeabi_sdiv.o(.text)
    __use_two_region_memory                  0x00000511   Thumb Code     2  heapauxi.o(.text)
    __rt_heap_escrow$2region                 0x00000513   Thumb Code     2  heapauxi.o(.text)
    __rt_heap_expand$2region                 0x00000515   Thumb Code     2  heapauxi.o(.text)
    _printf_pre_padding                      0x00000517   Thumb Code    44  _printf_pad.o(.text)
    _printf_post_padding                     0x00000543   Thumb Code    34  _printf_pad.o(.text)
    _printf_truncate_signed                  0x00000565   Thumb Code    18  _printf_truncate.o(.text)
    _printf_truncate_unsigned                0x00000577   Thumb Code    18  _printf_truncate.o(.text)
    _printf_str                              0x00000589   Thumb Code    82  _printf_str.o(.text)
    _printf_int_dec                          0x000005dd   Thumb Code    90  _printf_dec.o(.text)
    _printf_charcount                        0x00000649   Thumb Code    38  _printf_charcount.o(.text)
    _printf_char_common                      0x0000067b   Thumb Code    32  _printf_char_common.o(.text)
    _sputc                                   0x000006a1   Thumb Code    10  _sputc.o(.text)
    _printf_wctomb                           0x000006ad   Thumb Code   182  _printf_wctomb.o(.text)
    _printf_longlong_dec                     0x00000769   Thumb Code    94  _printf_longlong_dec.o(.text)
    _printf_longlong_oct                     0x000007d9   Thumb Code    68  _printf_oct_int_ll.o(.text)
    _printf_int_oct                          0x0000081d   Thumb Code    24  _printf_oct_int_ll.o(.text)
    _printf_ll_oct                           0x00000835   Thumb Code    10  _printf_oct_int_ll.o(.text)
    _printf_longlong_hex                     0x00000849   Thumb Code    88  _printf_hex_int_ll_ptr.o(.text)
    _printf_int_hex                          0x000008a1   Thumb Code    28  _printf_hex_int_ll_ptr.o(.text)
    _printf_ll_hex                           0x000008bd   Thumb Code    10  _printf_hex_int_ll_ptr.o(.text)
    _printf_hex_ptr                          0x000008c7   Thumb Code    22  _printf_hex_int_ll_ptr.o(.text)
    __printf                                 0x000008e1   Thumb Code   386  __printf_flags_ss_wp.o(.text)
    _ll_udiv10                               0x00000a69   Thumb Code   122  lludiv10.o(.text)
    _printf_int_common                       0x00000ae3   Thumb Code   176  _printf_intcommon.o(.text)
    __lib_sel_fp_printf                      0x00000b95   Thumb Code     2  _printf_fp_dec.o(.text)
    _printf_fp_dec_real                      0x00000d33   Thumb Code   620  _printf_fp_dec.o(.text)
    _printf_fp_hex_real                      0x00000fad   Thumb Code   718  _printf_fp_hex.o(.text)
    _printf_cs_common                        0x00001285   Thumb Code    22  _printf_char.o(.text)
    _printf_char                             0x0000129b   Thumb Code    16  _printf_char.o(.text)
    _printf_string                           0x000012ab   Thumb Code     8  _printf_char.o(.text)
    _printf_lcs_common                       0x000012b3   Thumb Code    22  _printf_wchar.o(.text)
    _printf_wchar                            0x000012c9   Thumb Code    16  _printf_wchar.o(.text)
    _printf_wstring                          0x000012d9   Thumb Code     8  _printf_wchar.o(.text)
    _wcrtomb                                 0x000012e1   Thumb Code    64  _wcrtomb.o(.text)
    __rt_udiv10                              0x00001321   Thumb Code    40  rtudiv10.o(.text)
    __user_setup_stackheap                   0x00001349   Thumb Code    62  sys_stackheap_outer.o(.text)
    __rt_ctype_table                         0x00001389   Thumb Code    16  rt_ctype_table.o(.text)
    __rt_locale                              0x00001399   Thumb Code     8  rt_locale_intlibspace.o(.text)
    _printf_fp_infnan                        0x000013a1   Thumb Code   120  _printf_fp_infnan.o(.text)
    _btod_etento                             0x00001429   Thumb Code   210  bigflt0.o(.text)
    _btod_d2e                                0x00001501   Thumb Code    64  btod.o(.text)
    _btod_emul                               0x00001935   Thumb Code    28  btod.o(.text)
    _btod_emuld                              0x00001951   Thumb Code   144  btod.o(.text)
    _btod_ediv                               0x000019e1   Thumb Code    26  btod.o(.text)
    _btod_edivd                              0x000019fb   Thumb Code   124  btod.o(.text)
    exit                                     0x00001a81   Thumb Code    16  exit.o(.text)
    __user_libspace                          0x00001a91   Thumb Code     8  libspace.o(.text)
    __user_perproc_libspace                  0x00001a91   Thumb Code     0  libspace.o(.text)
    __user_perthread_libspace                0x00001a91   Thumb Code     0  libspace.o(.text)
    strcmp                                   0x00001a99   Thumb Code   132  strcmp.o(.text)
    _sys_exit                                0x00001b21   Thumb Code     8  sys_exit.o(.text)
    __I$use$semihosting                      0x00001b2d   Thumb Code     0  use_no_semi.o(.text)
    __use_no_semihosting_swi                 0x00001b2d   Thumb Code     2  use_no_semi.o(.text)
    __semihosting_library_function           0x00001b2f   Thumb Code     0  indicate_semi.o(.text)
    DEBUG_Init                               0x00001b31   Thumb Code    68  main.o(i.DEBUG_Init)
    DEBUG_MenuPrint                          0x00001b91   Thumb Code    14  main.o(i.DEBUG_MenuPrint)
    HAL_GPIO_ConfigFunction                  0x00001bad   Thumb Code    68  a31l12x_hal_pcu.o(i.HAL_GPIO_ConfigFunction)
    HAL_GPIO_ConfigOutput                    0x00001bf1   Thumb Code    70  a31l12x_hal_pcu.o(i.HAL_GPIO_ConfigOutput)
    HAL_INT_EInt_MaskDisable                 0x00001c39   Thumb Code    12  a31l12x_hal_intc.o(i.HAL_INT_EInt_MaskDisable)
    HAL_LPUART_ClearStatus                   0x00001c49   Thumb Code   102  a31l12x_hal_lpuart.o(i.HAL_LPUART_ClearStatus)
    HAL_LPUART_ConfigInterrupt               0x00001cb5   Thumb Code    76  a31l12x_hal_lpuart.o(i.HAL_LPUART_ConfigInterrupt)
    HAL_LPUART_ConfigStructInit              0x00001d05   Thumb Code    40  a31l12x_hal_lpuart.o(i.HAL_LPUART_ConfigStructInit)
    HAL_LPUART_Enable                        0x00001d31   Thumb Code    24  a31l12x_hal_lpuart.o(i.HAL_LPUART_Enable)
    HAL_LPUART_GetStatus                     0x00001d4d   Thumb Code     8  a31l12x_hal_lpuart.o(i.HAL_LPUART_GetStatus)
    HAL_LPUART_Init                          0x00001d59   Thumb Code    74  a31l12x_hal_lpuart.o(i.HAL_LPUART_Init)
    HAL_LPUART_Receive                       0x00001da9   Thumb Code   108  a31l12x_hal_lpuart.o(i.HAL_LPUART_Receive)
    HAL_LPUART_ReceiveByte                   0x00001e1d   Thumb Code     8  a31l12x_hal_lpuart.o(i.HAL_LPUART_ReceiveByte)
    HAL_LPUART_Transmit                      0x00001e29   Thumb Code   110  a31l12x_hal_lpuart.o(i.HAL_LPUART_Transmit)
    HAL_LPUART_TransmitByte                  0x00001ea1   Thumb Code    10  a31l12x_hal_lpuart.o(i.HAL_LPUART_TransmitByte)
    HAL_SCU_ClockMonitoring                  0x00001eb1   Thumb Code    50  a31l12x_hal_scu.o(i.HAL_SCU_ClockMonitoring)
    HAL_SCU_ClockSource_Disable              0x00001eed   Thumb Code    24  a31l12x_hal_scu.o(i.HAL_SCU_ClockSource_Disable)
    HAL_SCU_ClockSource_Enable               0x00001f0d   Thumb Code    22  a31l12x_hal_scu.o(i.HAL_SCU_ClockSource_Enable)
    HAL_SCU_Peripheral_ClockConfig           0x00001f31   Thumb Code     8  a31l12x_hal_scu.o(i.HAL_SCU_Peripheral_ClockConfig)
    HAL_SCU_Peripheral_ClockSelection        0x00001f3d   Thumb Code    20  a31l12x_hal_scu.o(i.HAL_SCU_Peripheral_ClockSelection)
    HAL_SCU_Peripheral_EnableClock2          0x00001f55   Thumb Code    28  a31l12x_hal_scu.o(i.HAL_SCU_Peripheral_EnableClock2)
    HAL_SCU_Peripheral_SetReset2             0x00001f75   Thumb Code    24  a31l12x_hal_scu.o(i.HAL_SCU_Peripheral_SetReset2)
    HAL_SCU_SystemClockChange                0x00001f91   Thumb Code    10  a31l12x_hal_scu.o(i.HAL_SCU_SystemClockChange)
    HAL_SCU_SystemClockDivider               0x00001fa5   Thumb Code     8  a31l12x_hal_scu.o(i.HAL_SCU_SystemClockDivider)
    HAL_UART_ConfigStructInit                0x00001fb1   Thumb Code    30  a31l12x_hal_uartn.o(i.HAL_UART_ConfigStructInit)
    HAL_UART_GetLineStatus                   0x00001fcf   Thumb Code    10  a31l12x_hal_uartn.o(i.HAL_UART_GetLineStatus)
    HAL_UART_Init                            0x00001fd9   Thumb Code   244  a31l12x_hal_uartn.o(i.HAL_UART_Init)
    HAL_UART_Receive                         0x000020dd   Thumb Code   110  a31l12x_hal_uartn.o(i.HAL_UART_Receive)
    HAL_UART_ReceiveByte                     0x00002151   Thumb Code     8  a31l12x_hal_uartn.o(i.HAL_UART_ReceiveByte)
    HAL_UART_Transmit                        0x00002159   Thumb Code   122  a31l12x_hal_uartn.o(i.HAL_UART_Transmit)
    HAL_UART_TransmitByte                    0x000021d9   Thumb Code    16  a31l12x_hal_uartn.o(i.HAL_UART_TransmitByte)
    HardFault_Handler                        0x000021e9   Thumb Code     4  a31l12x_it.o(i.HardFault_Handler)
    IntReceive                               0x000021ed   Thumb Code    78  main.o(i.IntReceive)
    IntTransmit                              0x00002241   Thumb Code   124  main.o(i.IntTransmit)
    LPUART_Configure                         0x000022c5   Thumb Code   664  main.o(i.LPUART_Configure)
    LPUART_Handler                           0x000027ad   Thumb Code     8  a31l12x_it.o(i.LPUART_Handler)
    LPUART_IRQHandler_IT                     0x000027b5   Thumb Code    46  main.o(i.LPUART_IRQHandler_IT)
    LPUART_InterruptRun                      0x000027e5   Thumb Code   208  main.o(i.LPUART_InterruptRun)
    Meter_BCD_To_Uint32                      0x00002a05   Thumb Code    60  meter_protocol.o(i.Meter_BCD_To_Uint32)
    Meter_CalculateChecksum                  0x00002a41   Thumb Code    26  meter_protocol.o(i.Meter_CalculateChecksum)
    Meter_DetectVersion                      0x00002a5b   Thumb Code   144  meter_protocol.o(i.Meter_DetectVersion)
    Meter_GetBatteryVoltage_x10              0x00002aeb   Thumb Code    18  meter_protocol.o(i.Meter_GetBatteryVoltage_x10)
    Meter_GetDiameter                        0x00002afd   Thumb Code    38  meter_protocol.o(i.Meter_GetDiameter)
    Meter_Init                               0x00002b35   Thumb Code    22  meter_protocol.o(i.Meter_Init)
    Meter_ParseFrame                         0x00002ba9   Thumb Code   272  meter_protocol_parser.o(i.Meter_ParseFrame)
    Meter_PrintParsedData                    0x00002d99   Thumb Code  2098  meter_protocol.o(i.Meter_PrintParsedData)
    Meter_ProcessReceive                     0x00003695   Thumb Code   208  meter_protocol.o(i.Meter_ProcessReceive)
    Meter_SendCommand                        0x00003771   Thumb Code   298  meter_protocol.o(i.Meter_SendCommand)
    Meter_SendPreamble                       0x000038ad   Thumb Code    26  meter_protocol.o(i.Meter_SendPreamble)
    Meter_SetErrorCallback                   0x000038cd   Thumb Code     6  meter_protocol.o(i.Meter_SetErrorCallback)
    Meter_SetResponseCallback                0x000038d9   Thumb Code     6  meter_protocol.o(i.Meter_SetResponseCallback)
    Meter_Task                               0x000038e5   Thumb Code   236  meter_protocol.o(i.Meter_Task)
    NMI_Handler                              0x000039dd   Thumb Code     2  a31l12x_it.o(i.NMI_Handler)
    OnMeterError                             0x000039e1   Thumb Code   104  main.o(i.OnMeterError)
    OnMeterResponseReceived                  0x00003ac5   Thumb Code   214  main.o(i.OnMeterResponseReceived)
    PendSV_Handler                           0x00003c65   Thumb Code     2  a31l12x_it.o(i.PendSV_Handler)
    Port_Init                                0x00003c69   Thumb Code   130  a31l12x_portinit.o(i.Port_Init)
    SVC_Handler                              0x00003d11   Thumb Code     2  a31l12x_it.o(i.SVC_Handler)
    SysTick_Handler                          0x00003d13   Thumb Code     2  a31l12x_it.o(i.SysTick_Handler)
    SystemClock_Config                       0x00003d15   Thumb Code    64  a31l12x_systemclock.o(i.SystemClock_Config)
    SystemInit                               0x00003d61   Thumb Code    22  system_a31l12x.o(i.SystemInit)
    Test_Protocol_Parser                     0x00003d85   Thumb Code   396  main.o(i.Test_Protocol_Parser)
    UARTGetCh                                0x00004145   Thumb Code    32  a31l12x_hal_debug_frmwrk.o(i.UARTGetCh)
    UARTGetChar                              0x00004165   Thumb Code    26  a31l12x_hal_debug_frmwrk.o(i.UARTGetChar)
    UARTPutChar                              0x0000417f   Thumb Code    18  a31l12x_hal_debug_frmwrk.o(i.UARTPutChar)
    UARTPutDec                               0x00004191   Thumb Code    92  a31l12x_hal_debug_frmwrk.o(i.UARTPutDec)
    UARTPutDec16                             0x000041ed   Thumb Code   162  a31l12x_hal_debug_frmwrk.o(i.UARTPutDec16)
    UARTPutDec32                             0x00004295   Thumb Code   304  a31l12x_hal_debug_frmwrk.o(i.UARTPutDec32)
    UARTPutHex                               0x000043dd   Thumb Code    54  a31l12x_hal_debug_frmwrk.o(i.UARTPutHex)
    UARTPutHex16                             0x00004413   Thumb Code    54  a31l12x_hal_debug_frmwrk.o(i.UARTPutHex16)
    UARTPutHex32                             0x00004449   Thumb Code    54  a31l12x_hal_debug_frmwrk.o(i.UARTPutHex32)
    UARTPuts                                 0x0000447f   Thumb Code    28  a31l12x_hal_debug_frmwrk.o(i.UARTPuts)
    UARTPuts_                                0x0000449d   Thumb Code    24  a31l12x_hal_debug_frmwrk.o(i.UARTPuts_)
    __ARM_common_ll_muluu                    0x000044b9   Thumb Code    48  btod.o(i.__ARM_common_ll_muluu)
    __ARM_common_switch8                     0x000044e9   Thumb Code    28  main.o(i.__ARM_common_switch8)
    __ARM_fpclassify                         0x00004505   Thumb Code    40  fpclassify.o(i.__ARM_fpclassify)
    _is_digit                                0x000045a9   Thumb Code    14  __printf_wp.o(i._is_digit)
    cprintf                                  0x000045b9   Thumb Code    46  a31l12x_hal_debug_frmwrk.o(i.cprintf)
    debug_frmwrk_init                        0x000045f1   Thumb Code   130  a31l12x_hal_debug_frmwrk.o(i.debug_frmwrk_init)
    main                                     0x0000471d   Thumb Code    66  main.o(i.main)
    mainloop                                 0x0000476d   Thumb Code    36  main.o(i.mainloop)
    rbReceive                                0x00004795   Thumb Code    88  main.o(i.rbReceive)
    _get_lc_numeric                          0x00004831   Thumb Code    44  lc_numeric_c.o(locale$$code)
    _get_lc_ctype                            0x0000485d   Thumb Code    44  lc_ctype_c.o(locale$$code)
    _printf_fp_dec                           0x00004889   Thumb Code    16  printf1.o(x$fpl$printf1)
    _printf_fp_hex                           0x00004899   Thumb Code    16  printf2.o(x$fpl$printf2)
    __I$use$fp                               0x000048a8   Number         0  usenofp.o(x$fpl$usenofp)
    menu                                     0x000048a8   Data         533  main.o(.constdata)
    Region$$Table$$Base                      0x00004bd8   Number         0  anon$$obj.o(Region$$Table)
    Region$$Table$$Limit                     0x00004bf8   Number         0  anon$$obj.o(Region$$Table)
    __ctype                                  0x00004c21   Data           0  lc_ctype_c.o(locale$$data)
    mclk                                     0x20000000   Data           4  system_a31l12x.o(.data)
    SystemCoreClock                          0x20000004   Data           4  system_a31l12x.o(.data)
    SystemPeriClock                          0x20000008   Data           4  system_a31l12x.o(.data)
    ClkSrcTbl                                0x2000000c   Data          16  system_a31l12x.o(.data)
    TxIntStat                                0x2000001c   Data           1  main.o(.data)
    InFlag                                   0x20000030   Data           4  a31l12x_hal_uartn.o(.data)
    InCount                                  0x20000034   Data           4  a31l12x_hal_uartn.o(.data)
    _db_msg                                  0x20000038   Data           4  a31l12x_hal_debug_frmwrk.o(.data)
    _db_msg_                                 0x2000003c   Data           4  a31l12x_hal_debug_frmwrk.o(.data)
    _db_char                                 0x20000040   Data           4  a31l12x_hal_debug_frmwrk.o(.data)
    _db_dec                                  0x20000044   Data           4  a31l12x_hal_debug_frmwrk.o(.data)
    _db_dec_16                               0x20000048   Data           4  a31l12x_hal_debug_frmwrk.o(.data)
    _db_dec_32                               0x2000004c   Data           4  a31l12x_hal_debug_frmwrk.o(.data)
    _db_hex                                  0x20000050   Data           4  a31l12x_hal_debug_frmwrk.o(.data)
    _db_hex_16                               0x20000054   Data           4  a31l12x_hal_debug_frmwrk.o(.data)
    _db_hex_32                               0x20000058   Data           4  a31l12x_hal_debug_frmwrk.o(.data)
    _db_get_char                             0x2000005c   Data           4  a31l12x_hal_debug_frmwrk.o(.data)
    _db_get_ch                               0x20000060   Data           4  a31l12x_hal_debug_frmwrk.o(.data)
    rb                                       0x20000064   Data          80  main.o(.bss)
    __libspace_start                         0x200003d0   Data          96  libspace.o(.bss)
    __temporary_stack_top$libspace           0x20000430   Data           0  libspace.o(.bss)



==============================================================================

Memory Map of the image

  Image Entry point : 0x000000c1

  Load Region LR_IROM1 (Base: 0x00000000, Size: 0x00004d88, Max: 0x00010000, ABSOLUTE)

    Execution Region ER_IROM1 (Exec base: 0x00000000, Load base: 0x00000000, Size: 0x00004d24, Max: 0x00010000, ABSOLUTE)

    Exec Addr    Load Addr    Size         Type   Attr      Idx    E Section Name        Object

    0x00000000   0x00000000   0x000000c0   Data   RO          584    RESET               startup_a31l12x.o
    0x000000c0   0x000000c0   0x00000008   Code   RO         1286  * !!!main             c_p.l(__main.o)
    0x000000c8   0x000000c8   0x0000003c   Code   RO         1605    !!!scatter          c_p.l(__scatter.o)
    0x00000104   0x00000104   0x0000001a   Code   RO         1607    !!handler_copy      c_p.l(__scatter_copy.o)
    0x0000011e   0x0000011e   0x00000002   PAD
    0x00000120   0x00000120   0x0000001c   Code   RO         1609    !!handler_zi        c_p.l(__scatter_zi.o)
    0x0000013c   0x0000013c   0x00000002   Code   RO         1374    .ARM.Collect$$_printf_percent$$00000000  c_p.l(_printf_percent.o)
    0x0000013e   0x0000013e   0x0000000a   Code   RO         1363    .ARM.Collect$$_printf_percent$$00000001  c_p.l(_printf_n.o)
    0x00000148   0x00000148   0x0000000a   Code   RO         1365    .ARM.Collect$$_printf_percent$$00000002  c_p.l(_printf_p.o)
    0x00000152   0x00000152   0x0000000a   Code   RO         1370    .ARM.Collect$$_printf_percent$$00000003  c_p.l(_printf_f.o)
    0x0000015c   0x0000015c   0x0000000a   Code   RO         1371    .ARM.Collect$$_printf_percent$$00000004  c_p.l(_printf_e.o)
    0x00000166   0x00000166   0x0000000a   Code   RO         1372    .ARM.Collect$$_printf_percent$$00000005  c_p.l(_printf_g.o)
    0x00000170   0x00000170   0x0000000a   Code   RO         1373    .ARM.Collect$$_printf_percent$$00000006  c_p.l(_printf_a.o)
    0x0000017a   0x0000017a   0x0000000a   Code   RO         1378    .ARM.Collect$$_printf_percent$$00000007  c_p.l(_printf_ll.o)
    0x00000184   0x00000184   0x0000000a   Code   RO         1367    .ARM.Collect$$_printf_percent$$00000008  c_p.l(_printf_i.o)
    0x0000018e   0x0000018e   0x0000000a   Code   RO         1368    .ARM.Collect$$_printf_percent$$00000009  c_p.l(_printf_d.o)
    0x00000198   0x00000198   0x0000000a   Code   RO         1369    .ARM.Collect$$_printf_percent$$0000000A  c_p.l(_printf_u.o)
    0x000001a2   0x000001a2   0x0000000a   Code   RO         1366    .ARM.Collect$$_printf_percent$$0000000B  c_p.l(_printf_o.o)
    0x000001ac   0x000001ac   0x0000000a   Code   RO         1364    .ARM.Collect$$_printf_percent$$0000000C  c_p.l(_printf_x.o)
    0x000001b6   0x000001b6   0x0000000a   Code   RO         1375    .ARM.Collect$$_printf_percent$$0000000D  c_p.l(_printf_lli.o)
    0x000001c0   0x000001c0   0x0000000a   Code   RO         1376    .ARM.Collect$$_printf_percent$$0000000E  c_p.l(_printf_lld.o)
    0x000001ca   0x000001ca   0x0000000a   Code   RO         1377    .ARM.Collect$$_printf_percent$$0000000F  c_p.l(_printf_llu.o)
    0x000001d4   0x000001d4   0x0000000a   Code   RO         1382    .ARM.Collect$$_printf_percent$$00000010  c_p.l(_printf_llo.o)
    0x000001de   0x000001de   0x0000000a   Code   RO         1383    .ARM.Collect$$_printf_percent$$00000011  c_p.l(_printf_llx.o)
    0x000001e8   0x000001e8   0x0000000a   Code   RO         1379    .ARM.Collect$$_printf_percent$$00000012  c_p.l(_printf_l.o)
    0x000001f2   0x000001f2   0x0000000a   Code   RO         1361    .ARM.Collect$$_printf_percent$$00000013  c_p.l(_printf_c.o)
    0x000001fc   0x000001fc   0x0000000a   Code   RO         1362    .ARM.Collect$$_printf_percent$$00000014  c_p.l(_printf_s.o)
    0x00000206   0x00000206   0x0000000a   Code   RO         1380    .ARM.Collect$$_printf_percent$$00000015  c_p.l(_printf_lc.o)
    0x00000210   0x00000210   0x0000000a   Code   RO         1381    .ARM.Collect$$_printf_percent$$00000016  c_p.l(_printf_ls.o)
    0x0000021a   0x0000021a   0x00000004   Code   RO         1424    .ARM.Collect$$_printf_percent$$00000017  c_p.l(_printf_percent_end.o)
    0x0000021e   0x0000021e   0x00000002   Code   RO         1462    .ARM.Collect$$libinit$$00000000  c_p.l(libinit.o)
    0x00000220   0x00000220   0x00000000   Code   RO         1486    .ARM.Collect$$libinit$$00000002  c_p.l(libinit2.o)
    0x00000220   0x00000220   0x00000000   Code   RO         1488    .ARM.Collect$$libinit$$00000004  c_p.l(libinit2.o)
    0x00000220   0x00000220   0x00000000   Code   RO         1491    .ARM.Collect$$libinit$$0000000A  c_p.l(libinit2.o)
    0x00000220   0x00000220   0x00000000   Code   RO         1493    .ARM.Collect$$libinit$$0000000C  c_p.l(libinit2.o)
    0x00000220   0x00000220   0x00000000   Code   RO         1495    .ARM.Collect$$libinit$$0000000E  c_p.l(libinit2.o)
    0x00000220   0x00000220   0x00000006   Code   RO         1496    .ARM.Collect$$libinit$$0000000F  c_p.l(libinit2.o)
    0x00000226   0x00000226   0x00000000   Code   RO         1498    .ARM.Collect$$libinit$$00000011  c_p.l(libinit2.o)
    0x00000226   0x00000226   0x0000000c   Code   RO         1499    .ARM.Collect$$libinit$$00000012  c_p.l(libinit2.o)
    0x00000232   0x00000232   0x00000000   Code   RO         1500    .ARM.Collect$$libinit$$00000013  c_p.l(libinit2.o)
    0x00000232   0x00000232   0x00000000   Code   RO         1502    .ARM.Collect$$libinit$$00000015  c_p.l(libinit2.o)
    0x00000232   0x00000232   0x0000000a   Code   RO         1503    .ARM.Collect$$libinit$$00000016  c_p.l(libinit2.o)
    0x0000023c   0x0000023c   0x00000000   Code   RO         1504    .ARM.Collect$$libinit$$00000017  c_p.l(libinit2.o)
    0x0000023c   0x0000023c   0x00000000   Code   RO         1506    .ARM.Collect$$libinit$$00000019  c_p.l(libinit2.o)
    0x0000023c   0x0000023c   0x00000000   Code   RO         1508    .ARM.Collect$$libinit$$0000001B  c_p.l(libinit2.o)
    0x0000023c   0x0000023c   0x00000000   Code   RO         1510    .ARM.Collect$$libinit$$0000001D  c_p.l(libinit2.o)
    0x0000023c   0x0000023c   0x00000000   Code   RO         1512    .ARM.Collect$$libinit$$0000001F  c_p.l(libinit2.o)
    0x0000023c   0x0000023c   0x00000000   Code   RO         1514    .ARM.Collect$$libinit$$00000021  c_p.l(libinit2.o)
    0x0000023c   0x0000023c   0x00000000   Code   RO         1516    .ARM.Collect$$libinit$$00000023  c_p.l(libinit2.o)
    0x0000023c   0x0000023c   0x00000000   Code   RO         1518    .ARM.Collect$$libinit$$00000025  c_p.l(libinit2.o)
    0x0000023c   0x0000023c   0x00000000   Code   RO         1522    .ARM.Collect$$libinit$$0000002C  c_p.l(libinit2.o)
    0x0000023c   0x0000023c   0x00000000   Code   RO         1524    .ARM.Collect$$libinit$$0000002E  c_p.l(libinit2.o)
    0x0000023c   0x0000023c   0x00000000   Code   RO         1526    .ARM.Collect$$libinit$$00000030  c_p.l(libinit2.o)
    0x0000023c   0x0000023c   0x00000000   Code   RO         1528    .ARM.Collect$$libinit$$00000032  c_p.l(libinit2.o)
    0x0000023c   0x0000023c   0x00000002   Code   RO         1529    .ARM.Collect$$libinit$$00000033  c_p.l(libinit2.o)
    0x0000023e   0x0000023e   0x00000002   Code   RO         1560    .ARM.Collect$$libshutdown$$00000000  c_p.l(libshutdown.o)
    0x00000240   0x00000240   0x00000000   Code   RO         1586    .ARM.Collect$$libshutdown$$00000002  c_p.l(libshutdown2.o)
    0x00000240   0x00000240   0x00000000   Code   RO         1588    .ARM.Collect$$libshutdown$$00000004  c_p.l(libshutdown2.o)
    0x00000240   0x00000240   0x00000000   Code   RO         1590    .ARM.Collect$$libshutdown$$00000006  c_p.l(libshutdown2.o)
    0x00000240   0x00000240   0x00000000   Code   RO         1593    .ARM.Collect$$libshutdown$$00000009  c_p.l(libshutdown2.o)
    0x00000240   0x00000240   0x00000000   Code   RO         1596    .ARM.Collect$$libshutdown$$0000000C  c_p.l(libshutdown2.o)
    0x00000240   0x00000240   0x00000000   Code   RO         1598    .ARM.Collect$$libshutdown$$0000000E  c_p.l(libshutdown2.o)
    0x00000240   0x00000240   0x00000000   Code   RO         1601    .ARM.Collect$$libshutdown$$00000011  c_p.l(libshutdown2.o)
    0x00000240   0x00000240   0x00000002   Code   RO         1602    .ARM.Collect$$libshutdown$$00000012  c_p.l(libshutdown2.o)
    0x00000242   0x00000242   0x00000000   Code   RO         1288    .ARM.Collect$$rtentry$$00000000  c_p.l(__rtentry.o)
    0x00000242   0x00000242   0x00000000   Code   RO         1393    .ARM.Collect$$rtentry$$00000002  c_p.l(__rtentry2.o)
    0x00000242   0x00000242   0x00000006   Code   RO         1405    .ARM.Collect$$rtentry$$00000004  c_p.l(__rtentry4.o)
    0x00000248   0x00000248   0x00000000   Code   RO         1395    .ARM.Collect$$rtentry$$00000009  c_p.l(__rtentry2.o)
    0x00000248   0x00000248   0x00000004   Code   RO         1396    .ARM.Collect$$rtentry$$0000000A  c_p.l(__rtentry2.o)
    0x0000024c   0x0000024c   0x00000000   Code   RO         1398    .ARM.Collect$$rtentry$$0000000C  c_p.l(__rtentry2.o)
    0x0000024c   0x0000024c   0x00000008   Code   RO         1399    .ARM.Collect$$rtentry$$0000000D  c_p.l(__rtentry2.o)
    0x00000254   0x00000254   0x00000002   Code   RO         1472    .ARM.Collect$$rtexit$$00000000  c_p.l(rtexit.o)
    0x00000256   0x00000256   0x00000000   Code   RO         1533    .ARM.Collect$$rtexit$$00000002  c_p.l(rtexit2.o)
    0x00000256   0x00000256   0x00000004   Code   RO         1534    .ARM.Collect$$rtexit$$00000003  c_p.l(rtexit2.o)
    0x0000025a   0x0000025a   0x00000006   Code   RO         1535    .ARM.Collect$$rtexit$$00000004  c_p.l(rtexit2.o)
    0x00000260   0x00000260   0x00000038   Code   RO         1274    .emb_text           c_p.l(rt_memcpy.o)
    0x00000298   0x00000298   0x00000038   Code   RO          585    .text               startup_a31l12x.o
    0x000002d0   0x000002d0   0x00000024   Code   RO         1272    .text               c_p.l(vsprintf.o)
    0x000002f4   0x000002f4   0x00000082   Code   RO         1275    .text               c_p.l(rt_memcpy.o)
    0x00000376   0x00000376   0x00000040   Code   RO         1278    .text               c_p.l(rt_memclr.o)
    0x000003b6   0x000003b6   0x0000015a   Code   RO         1280    .text               c_p.l(aeabi_sdiv.o)
    0x00000510   0x00000510   0x00000006   Code   RO         1284    .text               c_p.l(heapauxi.o)
    0x00000516   0x00000516   0x0000004e   Code   RO         1295    .text               c_p.l(_printf_pad.o)
    0x00000564   0x00000564   0x00000024   Code   RO         1297    .text               c_p.l(_printf_truncate.o)
    0x00000588   0x00000588   0x00000052   Code   RO         1299    .text               c_p.l(_printf_str.o)
    0x000005da   0x000005da   0x00000002   PAD
    0x000005dc   0x000005dc   0x0000006c   Code   RO         1301    .text               c_p.l(_printf_dec.o)
    0x00000648   0x00000648   0x00000026   Code   RO         1303    .text               c_p.l(_printf_charcount.o)
    0x0000066e   0x0000066e   0x00000002   PAD
    0x00000670   0x00000670   0x00000030   Code   RO         1305    .text               c_p.l(_printf_char_common.o)
    0x000006a0   0x000006a0   0x0000000a   Code   RO         1307    .text               c_p.l(_sputc.o)
    0x000006aa   0x000006aa   0x00000002   PAD
    0x000006ac   0x000006ac   0x000000bc   Code   RO         1309    .text               c_p.l(_printf_wctomb.o)
    0x00000768   0x00000768   0x00000070   Code   RO         1312    .text               c_p.l(_printf_longlong_dec.o)
    0x000007d8   0x000007d8   0x00000070   Code   RO         1318    .text               c_p.l(_printf_oct_int_ll.o)
    0x00000848   0x00000848   0x00000098   Code   RO         1338    .text               c_p.l(_printf_hex_int_ll_ptr.o)
    0x000008e0   0x000008e0   0x00000188   Code   RO         1358    .text               c_p.l(__printf_flags_ss_wp.o)
    0x00000a68   0x00000a68   0x0000007a   Code   RO         1409    .text               c_p.l(lludiv10.o)
    0x00000ae2   0x00000ae2   0x000000b0   Code   RO         1411    .text               c_p.l(_printf_intcommon.o)
    0x00000b92   0x00000b92   0x00000002   PAD
    0x00000b94   0x00000b94   0x00000418   Code   RO         1413    .text               c_p.l(_printf_fp_dec.o)
    0x00000fac   0x00000fac   0x000002d8   Code   RO         1415    .text               c_p.l(_printf_fp_hex.o)
    0x00001284   0x00001284   0x0000002e   Code   RO         1420    .text               c_p.l(_printf_char.o)
    0x000012b2   0x000012b2   0x0000002e   Code   RO         1422    .text               c_p.l(_printf_wchar.o)
    0x000012e0   0x000012e0   0x00000040   Code   RO         1425    .text               c_p.l(_wcrtomb.o)
    0x00001320   0x00001320   0x00000028   Code   RO         1427    .text               c_p.l(rtudiv10.o)
    0x00001348   0x00001348   0x0000003e   Code   RO         1429    .text               c_p.l(sys_stackheap_outer.o)
    0x00001386   0x00001386   0x00000002   PAD
    0x00001388   0x00001388   0x00000010   Code   RO         1432    .text               c_p.l(rt_ctype_table.o)
    0x00001398   0x00001398   0x00000008   Code   RO         1437    .text               c_p.l(rt_locale_intlibspace.o)
    0x000013a0   0x000013a0   0x00000088   Code   RO         1439    .text               c_p.l(_printf_fp_infnan.o)
    0x00001428   0x00001428   0x000000d8   Code   RO         1441    .text               c_p.l(bigflt0.o)
    0x00001500   0x00001500   0x00000580   Code   RO         1444    .text               c_p.l(btod.o)
    0x00001a80   0x00001a80   0x00000010   Code   RO         1451    .text               c_p.l(exit.o)
    0x00001a90   0x00001a90   0x00000008   Code   RO         1468    .text               c_p.l(libspace.o)
    0x00001a98   0x00001a98   0x00000088   Code   RO         1483    .text               c_p.l(strcmp.o)
    0x00001b20   0x00001b20   0x0000000c   Code   RO         1530    .text               c_p.l(sys_exit.o)
    0x00001b2c   0x00001b2c   0x00000002   Code   RO         1549    .text               c_p.l(use_no_semi.o)
    0x00001b2e   0x00001b2e   0x00000000   Code   RO         1551    .text               c_p.l(indicate_semi.o)
    0x00001b2e   0x00001b2e   0x00000002   PAD
    0x00001b30   0x00001b30   0x00000060   Code   RO          243    i.DEBUG_Init        main.o
    0x00001b90   0x00001b90   0x0000001c   Code   RO          244    i.DEBUG_MenuPrint   main.o
    0x00001bac   0x00001bac   0x00000044   Code   RO          818    i.HAL_GPIO_ConfigFunction  a31l12x_hal_pcu.o
    0x00001bf0   0x00001bf0   0x00000046   Code   RO          820    i.HAL_GPIO_ConfigOutput  a31l12x_hal_pcu.o
    0x00001c36   0x00001c36   0x00000002   PAD
    0x00001c38   0x00001c38   0x00000010   Code   RO          614    i.HAL_INT_EInt_MaskDisable  a31l12x_hal_intc.o
    0x00001c48   0x00001c48   0x0000006c   Code   RO          720    i.HAL_LPUART_ClearStatus  a31l12x_hal_lpuart.o
    0x00001cb4   0x00001cb4   0x00000050   Code   RO          721    i.HAL_LPUART_ConfigInterrupt  a31l12x_hal_lpuart.o
    0x00001d04   0x00001d04   0x0000002c   Code   RO          722    i.HAL_LPUART_ConfigStructInit  a31l12x_hal_lpuart.o
    0x00001d30   0x00001d30   0x0000001c   Code   RO          725    i.HAL_LPUART_Enable  a31l12x_hal_lpuart.o
    0x00001d4c   0x00001d4c   0x0000000c   Code   RO          726    i.HAL_LPUART_GetStatus  a31l12x_hal_lpuart.o
    0x00001d58   0x00001d58   0x00000050   Code   RO          727    i.HAL_LPUART_Init   a31l12x_hal_lpuart.o
    0x00001da8   0x00001da8   0x00000074   Code   RO          728    i.HAL_LPUART_Receive  a31l12x_hal_lpuart.o
    0x00001e1c   0x00001e1c   0x0000000c   Code   RO          729    i.HAL_LPUART_ReceiveByte  a31l12x_hal_lpuart.o
    0x00001e28   0x00001e28   0x00000078   Code   RO          730    i.HAL_LPUART_Transmit  a31l12x_hal_lpuart.o
    0x00001ea0   0x00001ea0   0x00000010   Code   RO          731    i.HAL_LPUART_TransmitByte  a31l12x_hal_lpuart.o
    0x00001eb0   0x00001eb0   0x0000003c   Code   RO          895    i.HAL_SCU_ClockMonitoring  a31l12x_hal_scu.o
    0x00001eec   0x00001eec   0x00000020   Code   RO          899    i.HAL_SCU_ClockSource_Disable  a31l12x_hal_scu.o
    0x00001f0c   0x00001f0c   0x00000024   Code   RO          900    i.HAL_SCU_ClockSource_Enable  a31l12x_hal_scu.o
    0x00001f30   0x00001f30   0x0000000c   Code   RO          903    i.HAL_SCU_Peripheral_ClockConfig  a31l12x_hal_scu.o
    0x00001f3c   0x00001f3c   0x00000018   Code   RO          904    i.HAL_SCU_Peripheral_ClockSelection  a31l12x_hal_scu.o
    0x00001f54   0x00001f54   0x00000020   Code   RO          906    i.HAL_SCU_Peripheral_EnableClock2  a31l12x_hal_scu.o
    0x00001f74   0x00001f74   0x0000001c   Code   RO          909    i.HAL_SCU_Peripheral_SetReset2  a31l12x_hal_scu.o
    0x00001f90   0x00001f90   0x00000014   Code   RO          915    i.HAL_SCU_SystemClockChange  a31l12x_hal_scu.o
    0x00001fa4   0x00001fa4   0x0000000c   Code   RO          916    i.HAL_SCU_SystemClockDivider  a31l12x_hal_scu.o
    0x00001fb0   0x00001fb0   0x0000001e   Code   RO         1054    i.HAL_UART_ConfigStructInit  a31l12x_hal_uartn.o
    0x00001fce   0x00001fce   0x0000000a   Code   RO         1058    i.HAL_UART_GetLineStatus  a31l12x_hal_uartn.o
    0x00001fd8   0x00001fd8   0x00000104   Code   RO         1060    i.HAL_UART_Init     a31l12x_hal_uartn.o
    0x000020dc   0x000020dc   0x00000074   Code   RO         1061    i.HAL_UART_Receive  a31l12x_hal_uartn.o
    0x00002150   0x00002150   0x00000008   Code   RO         1062    i.HAL_UART_ReceiveByte  a31l12x_hal_uartn.o
    0x00002158   0x00002158   0x00000080   Code   RO         1063    i.HAL_UART_Transmit  a31l12x_hal_uartn.o
    0x000021d8   0x000021d8   0x00000010   Code   RO         1064    i.HAL_UART_TransmitByte  a31l12x_hal_uartn.o
    0x000021e8   0x000021e8   0x00000004   Code   RO           56    i.HardFault_Handler  a31l12x_it.o
    0x000021ec   0x000021ec   0x00000054   Code   RO          246    i.IntReceive        main.o
    0x00002240   0x00002240   0x00000084   Code   RO          247    i.IntTransmit       main.o
    0x000022c4   0x000022c4   0x000004e8   Code   RO          248    i.LPUART_Configure  main.o
    0x000027ac   0x000027ac   0x00000008   Code   RO           57    i.LPUART_Handler    a31l12x_it.o
    0x000027b4   0x000027b4   0x0000002e   Code   RO          249    i.LPUART_IRQHandler_IT  main.o
    0x000027e2   0x000027e2   0x00000002   PAD
    0x000027e4   0x000027e4   0x00000220   Code   RO          250    i.LPUART_InterruptRun  main.o
    0x00002a04   0x00002a04   0x0000003c   Code   RO          377    i.Meter_BCD_To_Uint32  meter_protocol.o
    0x00002a40   0x00002a40   0x0000001a   Code   RO          378    i.Meter_CalculateChecksum  meter_protocol.o
    0x00002a5a   0x00002a5a   0x00000090   Code   RO          379    i.Meter_DetectVersion  meter_protocol.o
    0x00002aea   0x00002aea   0x00000012   Code   RO          380    i.Meter_GetBatteryVoltage_x10  meter_protocol.o
    0x00002afc   0x00002afc   0x0000002c   Code   RO          381    i.Meter_GetDiameter  meter_protocol.o
    0x00002b28   0x00002b28   0x0000000c   Code   RO          384    i.Meter_GetTick     meter_protocol.o
    0x00002b34   0x00002b34   0x0000001c   Code   RO          385    i.Meter_Init        meter_protocol.o
    0x00002b50   0x00002b50   0x00000058   Code   RO          534    i.Meter_ParseCommon  meter_protocol_parser.o
    0x00002ba8   0x00002ba8   0x00000110   Code   RO          535    i.Meter_ParseFrame  meter_protocol_parser.o
    0x00002cb8   0x00002cb8   0x00000032   Code   RO          536    i.Meter_ParseUDF    meter_protocol_parser.o
    0x00002cea   0x00002cea   0x0000002e   Code   RO          537    i.Meter_ParseV11_Status  meter_protocol_parser.o
    0x00002d18   0x00002d18   0x00000026   Code   RO          538    i.Meter_ParseV12_Status  meter_protocol_parser.o
    0x00002d3e   0x00002d3e   0x00000024   Code   RO          539    i.Meter_ParseV13_Status  meter_protocol_parser.o
    0x00002d62   0x00002d62   0x00000036   Code   RO          540    i.Meter_ParseV14_Status  meter_protocol_parser.o
    0x00002d98   0x00002d98   0x000008fc   Code   RO          386    i.Meter_PrintParsedData  meter_protocol.o
    0x00003694   0x00003694   0x000000dc   Code   RO          387    i.Meter_ProcessReceive  meter_protocol.o
    0x00003770   0x00003770   0x0000013c   Code   RO          391    i.Meter_SendCommand  meter_protocol.o
    0x000038ac   0x000038ac   0x00000020   Code   RO          393    i.Meter_SendPreamble  meter_protocol.o
    0x000038cc   0x000038cc   0x0000000c   Code   RO          394    i.Meter_SetErrorCallback  meter_protocol.o
    0x000038d8   0x000038d8   0x0000000c   Code   RO          395    i.Meter_SetResponseCallback  meter_protocol.o
    0x000038e4   0x000038e4   0x000000f8   Code   RO          397    i.Meter_Task        meter_protocol.o
    0x000039dc   0x000039dc   0x00000002   Code   RO           58    i.NMI_Handler       a31l12x_it.o
    0x000039de   0x000039de   0x00000002   PAD
    0x000039e0   0x000039e0   0x000000e4   Code   RO          251    i.OnMeterError      main.o
    0x00003ac4   0x00003ac4   0x000001a0   Code   RO          252    i.OnMeterResponseReceived  main.o
    0x00003c64   0x00003c64   0x00000002   Code   RO           59    i.PendSV_Handler    a31l12x_it.o
    0x00003c66   0x00003c66   0x00000002   PAD
    0x00003c68   0x00003c68   0x000000a8   Code   RO          203    i.Port_Init         a31l12x_portinit.o
    0x00003d10   0x00003d10   0x00000002   Code   RO           60    i.SVC_Handler       a31l12x_it.o
    0x00003d12   0x00003d12   0x00000002   Code   RO           61    i.SysTick_Handler   a31l12x_it.o
    0x00003d14   0x00003d14   0x0000004c   Code   RO          223    i.SystemClock_Config  a31l12x_systemclock.o
    0x00003d60   0x00003d60   0x00000024   Code   RO            4    i.SystemInit        system_a31l12x.o
    0x00003d84   0x00003d84   0x000003c0   Code   RO          253    i.Test_Protocol_Parser  main.o
    0x00004144   0x00004144   0x00000020   Code   RO         1156    i.UARTGetCh         a31l12x_hal_debug_frmwrk.o
    0x00004164   0x00004164   0x0000001a   Code   RO         1157    i.UARTGetChar       a31l12x_hal_debug_frmwrk.o
    0x0000417e   0x0000417e   0x00000012   Code   RO         1158    i.UARTPutChar       a31l12x_hal_debug_frmwrk.o
    0x00004190   0x00004190   0x0000005c   Code   RO         1159    i.UARTPutDec        a31l12x_hal_debug_frmwrk.o
    0x000041ec   0x000041ec   0x000000a8   Code   RO         1160    i.UARTPutDec16      a31l12x_hal_debug_frmwrk.o
    0x00004294   0x00004294   0x00000148   Code   RO         1161    i.UARTPutDec32      a31l12x_hal_debug_frmwrk.o
    0x000043dc   0x000043dc   0x00000036   Code   RO         1162    i.UARTPutHex        a31l12x_hal_debug_frmwrk.o
    0x00004412   0x00004412   0x00000036   Code   RO         1163    i.UARTPutHex16      a31l12x_hal_debug_frmwrk.o
    0x00004448   0x00004448   0x00000036   Code   RO         1164    i.UARTPutHex32      a31l12x_hal_debug_frmwrk.o
    0x0000447e   0x0000447e   0x0000001c   Code   RO         1165    i.UARTPuts          a31l12x_hal_debug_frmwrk.o
    0x0000449a   0x0000449a   0x00000002   PAD
    0x0000449c   0x0000449c   0x0000001c   Code   RO         1166    i.UARTPuts_         a31l12x_hal_debug_frmwrk.o
    0x000044b8   0x000044b8   0x00000030   Code   RO         1446    i.__ARM_common_ll_muluu  c_p.l(btod.o)
    0x000044e8   0x000044e8   0x0000001c   Code   RO          358    i.__ARM_common_switch8  main.o
    0x00004504   0x00004504   0x0000002c   Code   RO         1466    i.__ARM_fpclassify  m_ps.l(fpclassify.o)
    0x00004530   0x00004530   0x00000078   Code   RO          254    i.__NVIC_SetPriority  main.o
    0x000045a8   0x000045a8   0x0000000e   Code   RO         1351    i._is_digit         c_p.l(__printf_wp.o)
    0x000045b6   0x000045b6   0x00000002   PAD
    0x000045b8   0x000045b8   0x00000038   Code   RO         1167    i.cprintf           a31l12x_hal_debug_frmwrk.o
    0x000045f0   0x000045f0   0x000000e4   Code   RO         1168    i.debug_frmwrk_init  a31l12x_hal_debug_frmwrk.o
    0x000046d4   0x000046d4   0x00000048   Code   RO          732    i.lpuart_set_divisors  a31l12x_hal_lpuart.o
    0x0000471c   0x0000471c   0x00000050   Code   RO          256    i.main              main.o
    0x0000476c   0x0000476c   0x00000028   Code   RO          257    i.mainloop          main.o
    0x00004794   0x00004794   0x0000005c   Code   RO          258    i.rbReceive         main.o
    0x000047f0   0x000047f0   0x00000040   Code   RO         1065    i.uart_set_divisors  a31l12x_hal_uartn.o
    0x00004830   0x00004830   0x0000002c   Code   RO         1449    locale$$code        c_p.l(lc_numeric_c.o)
    0x0000485c   0x0000485c   0x0000002c   Code   RO         1477    locale$$code        c_p.l(lc_ctype_c.o)
    0x00004888   0x00004888   0x00000010   Code   RO         1384    x$fpl$printf1       fz_ps.l(printf1.o)
    0x00004898   0x00004898   0x00000010   Code   RO         1386    x$fpl$printf2       fz_ps.l(printf2.o)
    0x000048a8   0x000048a8   0x00000000   Code   RO         1465    x$fpl$usenofp       fz_ps.l(usenofp.o)
    0x000048a8   0x000048a8   0x00000215   Data   RO          261    .constdata          main.o
    0x00004abd   0x00004abd   0x00000003   PAD
    0x00004ac0   0x00004ac0   0x0000001a   Data   RO          400    .constdata          meter_protocol.o
    0x00004ada   0x00004ada   0x00000002   PAD
    0x00004adc   0x00004adc   0x00000008   Data   RO         1310    .constdata          c_p.l(_printf_wctomb.o)
    0x00004ae4   0x00004ae4   0x00000028   Data   RO         1339    .constdata          c_p.l(_printf_hex_int_ll_ptr.o)
    0x00004b0c   0x00004b0c   0x00000011   Data   RO         1359    .constdata          c_p.l(__printf_flags_ss_wp.o)
    0x00004b1d   0x00004b1d   0x00000026   Data   RO         1416    .constdata          c_p.l(_printf_fp_hex.o)
    0x00004b43   0x00004b43   0x00000001   PAD
    0x00004b44   0x00004b44   0x00000094   Data   RO         1442    .constdata          c_p.l(bigflt0.o)
    0x00004bd8   0x00004bd8   0x00000020   Data   RO         1603    Region$$Table       anon$$obj.o
    0x00004bf8   0x00004bf8   0x0000001c   Data   RO         1448    locale$$data        c_p.l(lc_numeric_c.o)
    0x00004c14   0x00004c14   0x00000110   Data   RO         1476    locale$$data        c_p.l(lc_ctype_c.o)


    Execution Region RW_IRAM1 (Exec base: 0x20000000, Load base: 0x00004d24, Size: 0x00000730, Max: 0x00002000, ABSOLUTE)

    Exec Addr    Load Addr    Size         Type   Attr      Idx    E Section Name        Object

    0x20000000   0x00004d24   0x0000001c   Data   RW            5    .data               system_a31l12x.o
    0x2000001c   0x00004d40   0x00000008   Data   RW          262    .data               main.o
    0x20000024   0x00004d48   0x00000008   Data   RW          401    .data               meter_protocol.o
    0x2000002c   0x00004d50   0x0000000c   Data   RW         1067    .data               a31l12x_hal_uartn.o
    0x20000038   0x00004d5c   0x0000002c   Data   RW         1170    .data               a31l12x_hal_debug_frmwrk.o
    0x20000064        -       0x00000150   Zero   RW          260    .bss                main.o
    0x200001b4        -       0x0000021c   Zero   RW          399    .bss                meter_protocol.o
    0x200003d0        -       0x00000060   Zero   RW         1469    .bss                c_p.l(libspace.o)
    0x20000430        -       0x00000100   Zero   RW          583    HEAP                startup_a31l12x.o
    0x20000530        -       0x00000200   Zero   RW          582    STACK               startup_a31l12x.o



  Load Region LR$$.ARM.__AT_0x1FFFF200 (Base: 0x1ffff200, Size: 0x00000044, Max: 0x00000044, ABSOLUTE)

    Execution Region ER$$.ARM.__AT_0x1FFFF200 (Exec base: 0x1ffff200, Load base: 0x1ffff200, Size: 0x00000044, Max: 0x00000044, ABSOLUTE, UNINIT)

    Exec Addr    Load Addr    Size         Type   Attr      Idx    E Section Name        Object

    0x1ffff200   0x1ffff200   0x00000044   Code   RO          589    .ARM.__AT_0x1FFFF200  option_a31l12x.o



  Load Region LR$$.ARM.__AT_0x1FFFF400 (Base: 0x1ffff400, Size: 0x00000080, Max: 0x00000080, ABSOLUTE)

    Execution Region ER$$.ARM.__AT_0x1FFFF400 (Exec base: 0x1ffff400, Load base: 0x1ffff400, Size: 0x00000080, Max: 0x00000080, ABSOLUTE, UNINIT)

    Exec Addr    Load Addr    Size         Type   Attr      Idx    E Section Name        Object

    0x1ffff400   0x1ffff400   0x00000080   Code   RO          590    .ARM.__AT_0x1FFFF400  option_a31l12x.o



  Load Region LR$$.ARM.__AT_0x1FFFF600 (Base: 0x1ffff600, Size: 0x00000080, Max: 0x00000080, ABSOLUTE)

    Execution Region ER$$.ARM.__AT_0x1FFFF600 (Exec base: 0x1ffff600, Load base: 0x1ffff600, Size: 0x00000080, Max: 0x00000080, ABSOLUTE, UNINIT)

    Exec Addr    Load Addr    Size         Type   Attr      Idx    E Section Name        Object

    0x1ffff600   0x1ffff600   0x00000080   Code   RO          591    .ARM.__AT_0x1FFFF600  option_a31l12x.o


==============================================================================

Image component sizes


      Code (inc. data)   RO Data    RW Data    ZI Data      Debug   Object Name

      1166        142          0         44          0      11175   a31l12x_hal_debug_frmwrk.o
        16          4          0          0          0       2767   a31l12x_hal_intc.o
       688         80          0          0          0       9851   a31l12x_hal_lpuart.o
       138          0          0          0          0       5258   a31l12x_hal_pcu.o
       256         62          0          0          0       5400   a31l12x_hal_scu.o
       632         32          0         12          0       9475   a31l12x_hal_uartn.o
        20          0          0          0          0     471220   a31l12x_it.o
       168         38          0          0          0        696   a31l12x_portinit.o
        76         12          0          0          0        629   a31l12x_systemclock.o
      4150       1914        533          8        336      22664   main.o
      3472       1002         26          8        540      14123   meter_protocol.o
       584          0          0          0          0       5711   meter_protocol_parser.o
       324        324          0          0          0        792   option_a31l12x.o
        56         26        192          0        768        772   startup_a31l12x.o
        36         14          0         28          0     467394   system_a31l12x.o

    ----------------------------------------------------------------------
     11792       3650        788        100       1644    1027927   Object Totals
         0          0         32          0          0          0   (incl. Generated)
        10          0          5          0          0          0   (incl. Padding)

    ----------------------------------------------------------------------

      Code (inc. data)   RO Data    RW Data    ZI Data      Debug   Library Member Name

         8          0          0          0          0         68   __main.o
       392          6         17          0          0         76   __printf_flags_ss_wp.o
        14          0          0          0          0         60   __printf_wp.o
         0          0          0          0          0          0   __rtentry.o
        12          0          0          0          0          0   __rtentry2.o
         6          0          0          0          0          0   __rtentry4.o
        60          8          0          0          0          0   __scatter.o
        26          0          0          0          0          0   __scatter_copy.o
        28          0          0          0          0          0   __scatter_zi.o
        10          0          0          0          0          0   _printf_a.o
        10          0          0          0          0          0   _printf_c.o
        46          0          0          0          0        100   _printf_char.o
        48          6          0          0          0         88   _printf_char_common.o
        38          0          0          0          0         60   _printf_charcount.o
        10          0          0          0          0          0   _printf_d.o
       108         18          0          0          0         76   _printf_dec.o
        10          0          0          0          0          0   _printf_e.o
        10          0          0          0          0          0   _printf_f.o
      1048         14          0          0          0        176   _printf_fp_dec.o
       728         10         38          0          0         84   _printf_fp_hex.o
       136         16          0          0          0         76   _printf_fp_infnan.o
        10          0          0          0          0          0   _printf_g.o
       152          4         40          0          0        148   _printf_hex_int_ll_ptr.o
        10          0          0          0          0          0   _printf_i.o
       176          0          0          0          0         84   _printf_intcommon.o
        10          0          0          0          0          0   _printf_l.o
        10          0          0          0          0          0   _printf_lc.o
        10          0          0          0          0          0   _printf_ll.o
        10          0          0          0          0          0   _printf_lld.o
        10          0          0          0          0          0   _printf_lli.o
        10          0          0          0          0          0   _printf_llo.o
        10          0          0          0          0          0   _printf_llu.o
        10          0          0          0          0          0   _printf_llx.o
       112         18          0          0          0         76   _printf_longlong_dec.o
        10          0          0          0          0          0   _printf_ls.o
        10          0          0          0          0          0   _printf_n.o
        10          0          0          0          0          0   _printf_o.o
       112         10          0          0          0        112   _printf_oct_int_ll.o
        10          0          0          0          0          0   _printf_p.o
        78          0          0          0          0        100   _printf_pad.o
         2          0          0          0          0          0   _printf_percent.o
         4          0          0          0          0          0   _printf_percent_end.o
        10          0          0          0          0          0   _printf_s.o
        82          0          0          0          0         72   _printf_str.o
        36          0          0          0          0         76   _printf_truncate.o
        10          0          0          0          0          0   _printf_u.o
        46          0          0          0          0        100   _printf_wchar.o
       188          6          8          0          0         80   _printf_wctomb.o
        10          0          0          0          0          0   _printf_x.o
        10          0          0          0          0         60   _sputc.o
        64          0          0          0          0         72   _wcrtomb.o
       346          0          0          0          0         92   aeabi_sdiv.o
       216          6        148          0          0         80   bigflt0.o
      1456         30          0          0          0        336   btod.o
        16          0          0          0          0         68   exit.o
         6          0          0          0          0        136   heapauxi.o
         0          0          0          0          0          0   indicate_semi.o
        44         10        272          0          0         76   lc_ctype_c.o
        44         10         28          0          0         76   lc_numeric_c.o
         2          0          0          0          0          0   libinit.o
        30          0          0          0          0          0   libinit2.o
         2          0          0          0          0          0   libshutdown.o
         2          0          0          0          0          0   libshutdown2.o
         8          4          0          0         96         68   libspace.o
       122          0          0          0          0         72   lludiv10.o
        16          4          0          0          0         76   rt_ctype_table.o
         8          4          0          0          0         68   rt_locale_intlibspace.o
        64          0          0          0          0        108   rt_memclr.o
       186          0          0          0          0        144   rt_memcpy.o
         2          0          0          0          0          0   rtexit.o
        10          0          0          0          0          0   rtexit2.o
        40          0          0          0          0         60   rtudiv10.o
       136          4          0          0          0         72   strcmp.o
        12          4          0          0          0         60   sys_exit.o
        62          0          0          0          0         80   sys_stackheap_outer.o
         2          0          0          0          0         68   use_no_semi.o
        36          4          0          0          0         68   vsprintf.o
        16          4          0          0          0         76   printf1.o
        16          4          0          0          0         76   printf2.o
         0          0          0          0          0          0   usenofp.o
        44          4          0          0          0         60   fpclassify.o

    ----------------------------------------------------------------------
      6940        208        552          0         96       3864   Library Totals
        16          0          1          0          0          0   (incl. Padding)

    ----------------------------------------------------------------------

      Code (inc. data)   RO Data    RW Data    ZI Data      Debug   Library Name

      6848        196        551          0         96       3652   c_p.l
        32          8          0          0          0        152   fz_ps.l
        44          4          0          0          0         60   m_ps.l

    ----------------------------------------------------------------------
      6940        208        552          0         96       3864   Library Totals

    ----------------------------------------------------------------------

==============================================================================


      Code (inc. data)   RO Data    RW Data    ZI Data      Debug   

     18732       3858       1340        100       1740    1026223   Grand Totals
     18732       3858       1340        100       1740    1026223   ELF Image Totals
     18732       3858       1340        100          0          0   ROM Totals

==============================================================================

    Total RO  Size (Code + RO Data)                20072 (  19.60kB)
    Total RW  Size (RW Data + ZI Data)              1840 (   1.80kB)
    Total ROM Size (Code + RO Data + RW Data)      20172 (  19.70kB)

==============================================================================

